b784d995827f53977a8067e5b9dc4b5e_A_1750 {'W+A': 39} PASS
b784d995827f53977a8067e5b9dc4b5e_D_1205 {'S+D': 39} PASS
b784d995827f53977a8067e5b9dc4b5e_A_1635 {'A': 39} PASS
b784d995827f53977a8067e5b9dc4b5e_D_1155 {'S+D': 39} PASS
7199292ca430b478bfd0d83cf2e519d8_A_1720 {'A+S': 39} PASS
7199292ca430b478bfd0d83cf2e519d8_D_0750 {'D': 4, 'W+D': 35} PASS
7199292ca430b478bfd0d83cf2e519d8_A_1670 {'A+S': 39} PASS
7199292ca430b478bfd0d83cf2e519d8_D_0700 {'W+D': 39} PASS
43866101158a538d22c52ac5b2fa606b_A_1295 {'A+S+L': 39} PASS
43866101158a538d22c52ac5b2fa606b_D_1605 {'D': 6, 'W+D': 33} PASS
43866101158a538d22c52ac5b2fa606b_A_1245 {'A+S+L': 39} PASS
43866101158a538d22c52ac5b2fa606b_D_1555 {'W+D': 39} PASS
9dc2e5882a294b8d68d6b2b31ff3ef65_A_1460 {'A+S+J': 39} PASS
9dc2e5882a294b8d68d6b2b31ff3ef65_D_1750 {'W+D+L': 39} PASS
9dc2e5882a294b8d68d6b2b31ff3ef65_A_1410 {'A+S+J': 39} PASS
9dc2e5882a294b8d68d6b2b31ff3ef65_D_1555 {'D': 39} PASS
118eb5d8b75e1b8ac23a4e9ae77af9a9_A_1140 {'W+A+J': 39} PASS
118eb5d8b75e1b8ac23a4e9ae77af9a9_D_1750 {'S+D': 39} PASS
118eb5d8b75e1b8ac23a4e9ae77af9a9_A_1090 {'W+A+J': 39} PASS
118eb5d8b75e1b8ac23a4e9ae77af9a9_D_1015 {'D': 39} PASS
dfec8ed3237860eba14d67c089ecd041_A_1080 {'W+A+J': 39} PASS
dfec8ed3237860eba14d67c089ecd041_D_1750 {'D+L': 37, 'W+D+L': 2} PASS
dfec8ed3237860eba14d67c089ecd041_A_1030 {'W+A+J': 39} PASS
dfec8ed3237860eba14d67c089ecd041_D_1700 {'D+L': 39} PASS
{"clips": 24, "episodes": 6, "selected": 4, "failures": 0, "train_val_hash_disjoint": true}
