[preflight] diffsynth resolved from the v2 checkout: ok /home/lpeng/code/mq_PubDataset/GWM/H3-World/outputs/2026-10-09-06/stage1_real_transition_windows/runtime/DiffSynth-Studio-h3-v2/diffsynth/models/minimax_h3_dit.py
[preflight] directed attention mask present: ok 
[preflight] packed-sequence builder is the per-latent version: ok 
┌──────────────────────────────────────────────────────────────────────┐
│ DiffSynth-Studio Model Downloader Configuration:                     │
│                                                                      │
│ [ ] Download from https://modelscope.cn/                             │
│     (default behavior)                                               │
│ [ ] Download from https://modelscope.ai/                             │
│     (enabled via `export MODELSCOPE_ENDPOINT=https://modelscope.ai`) │
│ [ ] Download from https://huggingface.co/                            │
│     (enabled via `export DIFFSYNTH_DOWNLOAD_SOURCE=HuggingFace`)     │
│ [√] Skip download and load only pre-downloaded model files           │
│     (enabled via `export DIFFSYNTH_SKIP_DOWNLOAD=True`)              │
└──────────────────────────────────────────────────────────────────────┘
Loading models from: [
    "/home/lpeng/code/mq_PubDataset/GWM/H3-World/outputs/2026-10-09-06/stage1_real_transition_windows/runtime/DiffSynth-Studio-h3-v2/models/MiniMax/MiniMax-H3/FL2VA/text_encoder/model-00006-of-00014.safetensors",
    "/home/lpeng/code/mq_PubDataset/GWM/H3-World/outputs/2026-10-09-06/stage1_real_transition_windows/runtime/DiffSynth-Studio-h3-v2/models/MiniMax/MiniMax-H3/FL2VA/text_encoder/model-00007-of-00014.safetensors",
    "/home/lpeng/code/mq_PubDataset/GWM/H3-World/outputs/2026-10-09-06/stage1_real_transition_windows/runtime/DiffSynth-Studio-h3-v2/models/MiniMax/MiniMax-H3/FL2VA/text_encoder/model-00003-of-00014.safetensors",
    "/home/lpeng/code/mq_PubDataset/GWM/H3-World/outputs/2026-10-09-06/stage1_real_transition_windows/runtime/DiffSynth-Studio-h3-v2/models/MiniMax/MiniMax-H3/FL2VA/text_encoder/model-00004-of-00014.safetensors",
    "/home/lpeng/code/mq_PubDataset/GWM/H3-World/outputs/2026-10-09-06/stage1_real_transition_windows/runtime/DiffSynth-Studio-h3-v2/models/MiniMax/MiniMax-H3/FL2VA/text_encoder/model-00011-of-00014.safetensors",
    "/home/lpeng/code/mq_PubDataset/GWM/H3-World/outputs/2026-10-09-06/stage1_real_transition_windows/runtime/DiffSynth-Studio-h3-v2/models/MiniMax/MiniMax-H3/FL2VA/text_encoder/model-00010-of-00014.safetensors",
    "/home/lpeng/code/mq_PubDataset/GWM/H3-World/outputs/2026-10-09-06/stage1_real_transition_windows/runtime/DiffSynth-Studio-h3-v2/models/MiniMax/MiniMax-H3/FL2VA/text_encoder/model-00013-of-00014.safetensors",
    "/home/lpeng/code/mq_PubDataset/GWM/H3-World/outputs/2026-10-09-06/stage1_real_transition_windows/runtime/DiffSynth-Studio-h3-v2/models/MiniMax/MiniMax-H3/FL2VA/text_encoder/model-00005-of-00014.safetensors",
    "/home/lpeng/code/mq_PubDataset/GWM/H3-World/outputs/2026-10-09-06/stage1_real_transition_windows/runtime/DiffSynth-Studio-h3-v2/models/MiniMax/MiniMax-H3/FL2VA/text_encoder/model-00012-of-00014.safetensors",
    "/home/lpeng/code/mq_PubDataset/GWM/H3-World/outputs/2026-10-09-06/stage1_real_transition_windows/runtime/DiffSynth-Studio-h3-v2/models/MiniMax/MiniMax-H3/FL2VA/text_encoder/model-00008-of-00014.safetensors",
    "/home/lpeng/code/mq_PubDataset/GWM/H3-World/outputs/2026-10-09-06/stage1_real_transition_windows/runtime/DiffSynth-Studio-h3-v2/models/MiniMax/MiniMax-H3/FL2VA/text_encoder/model-00002-of-00014.safetensors",
    "/home/lpeng/code/mq_PubDataset/GWM/H3-World/outputs/2026-10-09-06/stage1_real_transition_windows/runtime/DiffSynth-Studio-h3-v2/models/MiniMax/MiniMax-H3/FL2VA/text_encoder/model-00009-of-00014.safetensors",
    "/home/lpeng/code/mq_PubDataset/GWM/H3-World/outputs/2026-10-09-06/stage1_real_transition_windows/runtime/DiffSynth-Studio-h3-v2/models/MiniMax/MiniMax-H3/FL2VA/text_encoder/model-00001-of-00014.safetensors",
    "/home/lpeng/code/mq_PubDataset/GWM/H3-World/outputs/2026-10-09-06/stage1_real_transition_windows/runtime/DiffSynth-Studio-h3-v2/models/MiniMax/MiniMax-H3/FL2VA/text_encoder/model-00014-of-00014.safetensors"
]
Loaded model: {
    "model_name": "minimax_h3_text_encoder",
    "model_class": "diffsynth.models.minimax_h3_text_encoder.MiniMaxH3TextEncoder",
    "extra_kwargs": null
}
Loading models from: [
    "/home/lpeng/code/mq_PubDataset/GWM/H3-World/outputs/2026-10-09-06/stage1_real_transition_windows/runtime/DiffSynth-Studio-h3-v2/models/MiniMax/MiniMax-H3/FL2VA/transformer/model-00013-of-00013.safetensors",
    "/home/lpeng/code/mq_PubDataset/GWM/H3-World/outputs/2026-10-09-06/stage1_real_transition_windows/runtime/DiffSynth-Studio-h3-v2/models/MiniMax/MiniMax-H3/FL2VA/transformer/model-00011-of-00013.safetensors",
    "/home/lpeng/code/mq_PubDataset/GWM/H3-World/outputs/2026-10-09-06/stage1_real_transition_windows/runtime/DiffSynth-Studio-h3-v2/models/MiniMax/MiniMax-H3/FL2VA/transformer/model-00012-of-00013.safetensors",
    "/home/lpeng/code/mq_PubDataset/GWM/H3-World/outputs/2026-10-09-06/stage1_real_transition_windows/runtime/DiffSynth-Studio-h3-v2/models/MiniMax/MiniMax-H3/FL2VA/transformer/model-00008-of-00013.safetensors",
    "/home/lpeng/code/mq_PubDataset/GWM/H3-World/outputs/2026-10-09-06/stage1_real_transition_windows/runtime/DiffSynth-Studio-h3-v2/models/MiniMax/MiniMax-H3/FL2VA/transformer/model-00002-of-00013.safetensors",
    "/home/lpeng/code/mq_PubDataset/GWM/H3-World/outputs/2026-10-09-06/stage1_real_transition_windows/runtime/DiffSynth-Studio-h3-v2/models/MiniMax/MiniMax-H3/FL2VA/transformer/model-00009-of-00013.safetensors",
    "/home/lpeng/code/mq_PubDataset/GWM/H3-World/outputs/2026-10-09-06/stage1_real_transition_windows/runtime/DiffSynth-Studio-h3-v2/models/MiniMax/MiniMax-H3/FL2VA/transformer/model-00006-of-00013.safetensors",
    "/home/lpeng/code/mq_PubDataset/GWM/H3-World/outputs/2026-10-09-06/stage1_real_transition_windows/runtime/DiffSynth-Studio-h3-v2/models/MiniMax/MiniMax-H3/FL2VA/transformer/model-00007-of-00013.safetensors",
    "/home/lpeng/code/mq_PubDataset/GWM/H3-World/outputs/2026-10-09-06/stage1_real_transition_windows/runtime/DiffSynth-Studio-h3-v2/models/MiniMax/MiniMax-H3/FL2VA/transformer/model-00003-of-00013.safetensors",
    "/home/lpeng/code/mq_PubDataset/GWM/H3-World/outputs/2026-10-09-06/stage1_real_transition_windows/runtime/DiffSynth-Studio-h3-v2/models/MiniMax/MiniMax-H3/FL2VA/transformer/model-00001-of-00013.safetensors",
    "/home/lpeng/code/mq_PubDataset/GWM/H3-World/outputs/2026-10-09-06/stage1_real_transition_windows/runtime/DiffSynth-Studio-h3-v2/models/MiniMax/MiniMax-H3/FL2VA/transformer/model-00010-of-00013.safetensors",
    "/home/lpeng/code/mq_PubDataset/GWM/H3-World/outputs/2026-10-09-06/stage1_real_transition_windows/runtime/DiffSynth-Studio-h3-v2/models/MiniMax/MiniMax-H3/FL2VA/transformer/model-00005-of-00013.safetensors",
    "/home/lpeng/code/mq_PubDataset/GWM/H3-World/outputs/2026-10-09-06/stage1_real_transition_windows/runtime/DiffSynth-Studio-h3-v2/models/MiniMax/MiniMax-H3/FL2VA/transformer/model-00004-of-00013.safetensors"
]
Loaded model: {
    "model_name": "minimax_h3_dit",
    "model_class": "diffsynth.models.minimax_h3_dit.MiniMaxH3DiT",
    "extra_kwargs": null
}
Loading models from: "/home/lpeng/code/mq_PubDataset/GWM/H3-World/outputs/2026-10-09-06/stage1_real_transition_windows/runtime/DiffSynth-Studio-h3-v2/models/MiniMax/MiniMax-H3/FL2VA/video_vae/source/model.safetensors"
Loaded model: {
    "model_name": "minimax_h3_video_vae",
    "model_class": "diffsynth.models.minimax_h3_video_vae.MiniMaxH3VideoVAE",
    "extra_kwargs": null
}
Loading models from: "/home/lpeng/code/mq_PubDataset/GWM/H3-World/outputs/2026-10-09-06/stage1_real_transition_windows/runtime/DiffSynth-Studio-h3-v2/models/MiniMax/MiniMax-H3/FL2VA/audio_vae/model.safetensors"
Loaded model: {
    "model_name": "minimax_h3_audio_vae",
    "model_class": "diffsynth.models.minimax_h3_audio_vae.MiniMaxH3AudioVAE",
    "extra_kwargs": null
}
Using minimax_h3_text_encoder from [
    "/home/lpeng/code/mq_PubDataset/GWM/H3-World/outputs/2026-10-09-06/stage1_real_transition_windows/runtime/DiffSynth-Studio-h3-v2/models/MiniMax/MiniMax-H3/FL2VA/text_encoder/model-00006-of-00014.safetensors",
    "/home/lpeng/code/mq_PubDataset/GWM/H3-World/outputs/2026-10-09-06/stage1_real_transition_windows/runtime/DiffSynth-Studio-h3-v2/models/MiniMax/MiniMax-H3/FL2VA/text_encoder/model-00007-of-00014.safetensors",
    "/home/lpeng/code/mq_PubDataset/GWM/H3-World/outputs/2026-10-09-06/stage1_real_transition_windows/runtime/DiffSynth-Studio-h3-v2/models/MiniMax/MiniMax-H3/FL2VA/text_encoder/model-00003-of-00014.safetensors",
    "/home/lpeng/code/mq_PubDataset/GWM/H3-World/outputs/2026-10-09-06/stage1_real_transition_windows/runtime/DiffSynth-Studio-h3-v2/models/MiniMax/MiniMax-H3/FL2VA/text_encoder/model-00004-of-00014.safetensors",
    "/home/lpeng/code/mq_PubDataset/GWM/H3-World/outputs/2026-10-09-06/stage1_real_transition_windows/runtime/DiffSynth-Studio-h3-v2/models/MiniMax/MiniMax-H3/FL2VA/text_encoder/model-00011-of-00014.safetensors",
    "/home/lpeng/code/mq_PubDataset/GWM/H3-World/outputs/2026-10-09-06/stage1_real_transition_windows/runtime/DiffSynth-Studio-h3-v2/models/MiniMax/MiniMax-H3/FL2VA/text_encoder/model-00010-of-00014.safetensors",
    "/home/lpeng/code/mq_PubDataset/GWM/H3-World/outputs/2026-10-09-06/stage1_real_transition_windows/runtime/DiffSynth-Studio-h3-v2/models/MiniMax/MiniMax-H3/FL2VA/text_encoder/model-00013-of-00014.safetensors",
    "/home/lpeng/code/mq_PubDataset/GWM/H3-World/outputs/2026-10-09-06/stage1_real_transition_windows/runtime/DiffSynth-Studio-h3-v2/models/MiniMax/MiniMax-H3/FL2VA/text_encoder/model-00005-of-00014.safetensors",
    "/home/lpeng/code/mq_PubDataset/GWM/H3-World/outputs/2026-10-09-06/stage1_real_transition_windows/runtime/DiffSynth-Studio-h3-v2/models/MiniMax/MiniMax-H3/FL2VA/text_encoder/model-00012-of-00014.safetensors",
    "/home/lpeng/code/mq_PubDataset/GWM/H3-World/outputs/2026-10-09-06/stage1_real_transition_windows/runtime/DiffSynth-Studio-h3-v2/models/MiniMax/MiniMax-H3/FL2VA/text_encoder/model-00008-of-00014.safetensors",
    "/home/lpeng/code/mq_PubDataset/GWM/H3-World/outputs/2026-10-09-06/stage1_real_transition_windows/runtime/DiffSynth-Studio-h3-v2/models/MiniMax/MiniMax-H3/FL2VA/text_encoder/model-00002-of-00014.safetensors",
    "/home/lpeng/code/mq_PubDataset/GWM/H3-World/outputs/2026-10-09-06/stage1_real_transition_windows/runtime/DiffSynth-Studio-h3-v2/models/MiniMax/MiniMax-H3/FL2VA/text_encoder/model-00009-of-00014.safetensors",
    "/home/lpeng/code/mq_PubDataset/GWM/H3-World/outputs/2026-10-09-06/stage1_real_transition_windows/runtime/DiffSynth-Studio-h3-v2/models/MiniMax/MiniMax-H3/FL2VA/text_encoder/model-00001-of-00014.safetensors",
    "/home/lpeng/code/mq_PubDataset/GWM/H3-World/outputs/2026-10-09-06/stage1_real_transition_windows/runtime/DiffSynth-Studio-h3-v2/models/MiniMax/MiniMax-H3/FL2VA/text_encoder/model-00014-of-00014.safetensors"
].
Using minimax_h3_dit from [
    "/home/lpeng/code/mq_PubDataset/GWM/H3-World/outputs/2026-10-09-06/stage1_real_transition_windows/runtime/DiffSynth-Studio-h3-v2/models/MiniMax/MiniMax-H3/FL2VA/transformer/model-00013-of-00013.safetensors",
    "/home/lpeng/code/mq_PubDataset/GWM/H3-World/outputs/2026-10-09-06/stage1_real_transition_windows/runtime/DiffSynth-Studio-h3-v2/models/MiniMax/MiniMax-H3/FL2VA/transformer/model-00011-of-00013.safetensors",
    "/home/lpeng/code/mq_PubDataset/GWM/H3-World/outputs/2026-10-09-06/stage1_real_transition_windows/runtime/DiffSynth-Studio-h3-v2/models/MiniMax/MiniMax-H3/FL2VA/transformer/model-00012-of-00013.safetensors",
    "/home/lpeng/code/mq_PubDataset/GWM/H3-World/outputs/2026-10-09-06/stage1_real_transition_windows/runtime/DiffSynth-Studio-h3-v2/models/MiniMax/MiniMax-H3/FL2VA/transformer/model-00008-of-00013.safetensors",
    "/home/lpeng/code/mq_PubDataset/GWM/H3-World/outputs/2026-10-09-06/stage1_real_transition_windows/runtime/DiffSynth-Studio-h3-v2/models/MiniMax/MiniMax-H3/FL2VA/transformer/model-00002-of-00013.safetensors",
    "/home/lpeng/code/mq_PubDataset/GWM/H3-World/outputs/2026-10-09-06/stage1_real_transition_windows/runtime/DiffSynth-Studio-h3-v2/models/MiniMax/MiniMax-H3/FL2VA/transformer/model-00009-of-00013.safetensors",
    "/home/lpeng/code/mq_PubDataset/GWM/H3-World/outputs/2026-10-09-06/stage1_real_transition_windows/runtime/DiffSynth-Studio-h3-v2/models/MiniMax/MiniMax-H3/FL2VA/transformer/model-00006-of-00013.safetensors",
    "/home/lpeng/code/mq_PubDataset/GWM/H3-World/outputs/2026-10-09-06/stage1_real_transition_windows/runtime/DiffSynth-Studio-h3-v2/models/MiniMax/MiniMax-H3/FL2VA/transformer/model-00007-of-00013.safetensors",
    "/home/lpeng/code/mq_PubDataset/GWM/H3-World/outputs/2026-10-09-06/stage1_real_transition_windows/runtime/DiffSynth-Studio-h3-v2/models/MiniMax/MiniMax-H3/FL2VA/transformer/model-00003-of-00013.safetensors",
    "/home/lpeng/code/mq_PubDataset/GWM/H3-World/outputs/2026-10-09-06/stage1_real_transition_windows/runtime/DiffSynth-Studio-h3-v2/models/MiniMax/MiniMax-H3/FL2VA/transformer/model-00001-of-00013.safetensors",
    "/home/lpeng/code/mq_PubDataset/GWM/H3-World/outputs/2026-10-09-06/stage1_real_transition_windows/runtime/DiffSynth-Studio-h3-v2/models/MiniMax/MiniMax-H3/FL2VA/transformer/model-00010-of-00013.safetensors",
    "/home/lpeng/code/mq_PubDataset/GWM/H3-World/outputs/2026-10-09-06/stage1_real_transition_windows/runtime/DiffSynth-Studio-h3-v2/models/MiniMax/MiniMax-H3/FL2VA/transformer/model-00005-of-00013.safetensors",
    "/home/lpeng/code/mq_PubDataset/GWM/H3-World/outputs/2026-10-09-06/stage1_real_transition_windows/runtime/DiffSynth-Studio-h3-v2/models/MiniMax/MiniMax-H3/FL2VA/transformer/model-00004-of-00013.safetensors"
].
Using minimax_h3_video_vae from "/home/lpeng/code/mq_PubDataset/GWM/H3-World/outputs/2026-10-09-06/stage1_real_transition_windows/runtime/DiffSynth-Studio-h3-v2/models/MiniMax/MiniMax-H3/FL2VA/video_vae/source/model.safetensors".
Using minimax_h3_audio_vae from "/home/lpeng/code/mq_PubDataset/GWM/H3-World/outputs/2026-10-09-06/stage1_real_transition_windows/runtime/DiffSynth-Studio-h3-v2/models/MiniMax/MiniMax-H3/FL2VA/audio_vae/model.safetensors".
104 tensors are patched by LoRA. You can use `pipe.clear_lora()` to clear all LoRA layers.
{"step": 1, "microbatches": [{"clip_id": "43866101158a538d22c52ac5b2fa606b_A_1245", "window": 1, "sigma": 0.85, "positive_FM": 0.12943674623966217, "negative_FM": 0.1291663646697998, "action_hinge": 0.0003634504973888397, "total": 0.12943674623966217, "hinge_active": true, "replay_errors": {"positive": 0.0}}, {"clip_id": "7199292ca430b478bfd0d83cf2e519d8_D_0700", "window": 1, "sigma": 0.55, "positive_FM": 0.1345466822385788, "negative_FM": 0.1345118135213852, "action_hinge": 0.00012793764472007751, "total": 0.1345466822385788, "hinge_active": true, "replay_errors": {"positive": 0.0}}], "gradient_norm_before_clip": 0.0067745898850262165, "seconds": 74.17913419287652}
{"step": 2, "microbatches": [{"clip_id": "b784d995827f53977a8067e5b9dc4b5e_D_1155", "window": 1, "sigma": 0.25, "positive_FM": 0.336249977350235, "negative_FM": 0.3362010717391968, "action_hinge": 0.000141974538564682, "total": 0.336249977350235, "hinge_active": true, "replay_errors": {"positive": 0.0}}, {"clip_id": "b784d995827f53977a8067e5b9dc4b5e_A_1635", "window": 2, "sigma": 0.1, "positive_FM": 0.48330172896385193, "negative_FM": 0.48330506682395935, "action_hinge": 8.973106741905212e-05, "total": 0.48330172896385193, "hinge_active": true, "replay_errors": {"positive": 0.0}}], "gradient_norm_before_clip": 0.006605843547731638, "seconds": 86.59729889640585}
{"step": 3, "microbatches": [{"clip_id": "9dc2e5882a294b8d68d6b2b31ff3ef65_A_1410", "window": 1, "sigma": 0.55, "positive_FM": 0.10877986997365952, "negative_FM": 0.10877292603254318, "action_hinge": 0.00010001286864280701, "total": 0.10877986997365952, "hinge_active": true, "replay_errors": {"positive": 0.0}}, {"clip_id": "43866101158a538d22c52ac5b2fa606b_D_1555", "window": 1, "sigma": 0.85, "positive_FM": 0.09199392050504684, "negative_FM": 0.09190160781145096, "action_hinge": 0.00018538162112236023, "total": 0.09199392050504684, "hinge_active": true, "replay_errors": {"positive": 0.0}}], "gradient_norm_before_clip": 0.005977725610136986, "seconds": 67.71673839213327}
{"step": 4, "microbatches": [{"clip_id": "b784d995827f53977a8067e5b9dc4b5e_A_1635", "window": 1, "sigma": 0.1, "positive_FM": 0.49178051948547363, "negative_FM": 0.4918003976345062, "action_hinge": 7.319077849388123e-05, "total": 0.49178051948547363, "hinge_active": true, "replay_errors": {"positive": 0.0}}, {"clip_id": "43866101158a538d22c52ac5b2fa606b_D_1555", "window": 0, "sigma": 0.25, "positive_FM": 0.19332042336463928, "negative_FM": 0.19327130913734436, "action_hinge": 0.00014218315482139587, "total": 0.19332042336463928, "hinge_active": true, "replay_errors": {"positive": 0.0}}], "gradient_norm_before_clip": 0.005521881859749556, "seconds": 52.46282604103908}
