{
  "task": "EXP-014/v1",
  "stage": "T2",
  "scene": "s2_9dc2e588",
  "method": "FM30",
  "cpu_protocol_audit": "PASS",
  "visual_assessment": "SEPARATE",
  "teacher_gpu_seconds": 516.2940812040033,
  "C1_sampling_forwards": 30,
  "C1_vae_decodes": 1,
  "cache_50_layers_index0": true,
  "row_sha256": "abcd40ba8b515390e981375305bf37304e44035031f9d65301463549cddc71a2",
  "cache_sha256": "8506d616468eda9d169f471f1de2eab43a08e4289e176ec4fa51945d041393a2",
  "cpu_raw_kv_bytes": 6799104000,
  "commit_forwards": 1,
  "sampling_forwards": 60,
  "vae_decodes": 2,
  "wall_seconds": 326.1543449860037,
  "peak_allocated_gib": 37.97125577926636,
  "AA_AD_new_rgb_abs_diff_mean": 10.098276138305664
}
