{
  "task": "EXP-014/v1",
  "stage": "T2",
  "scene": "s1_7199292c",
  "status": "INTERRUPTED_AD_NOT_A_PAIRED_TEACHER_TARGET",
  "cpu_partial_protocol_audit": "PASS_C1_AND_AA_ONLY",
  "c1_video": {
    "frames": 39,
    "fps": "24",
    "resolution": [
      832,
      480
    ],
    "unique_pts": 39
  },
  "aa_video": {
    "frames": 56,
    "fps": "24",
    "resolution": [
      832,
      480
    ],
    "unique_pts": 56
  },
  "aa_new_video": {
    "frames": 17,
    "fps": "24",
    "resolution": [
      832,
      480
    ],
    "unique_pts": 17
  },
  "first_39_rgb_exactly_unchanged": true,
  "cache_50_layers_index0": true,
  "cache_sha256": "097ad3c727ed7a669e97af3f44991a4f378c2ce8645cc70703683d9580366c75",
  "cpu_raw_kv_bytes": 6799104000,
  "aa_endpoint_sha256": "963e9972191e4c35feebd8da0b1cf05737a9788baa1acd6ed6607f0bc009d7e0",
  "aa_video_sha256": "b126012224ddb865b0e3b8c714ca6311ce6d1608642b90ce4098091d960a3d82",
  "reserved_sampling_forwards": 78,
  "completed_c1_aa_sampling_forwards": 60,
  "reserved_ad_sampling_forwards": 18,
  "ad_result_persisted_sampling_forwards": 17,
  "commit_forwards": 1,
  "vae_decodes": 2,
  "last_reservation_utc": "2026-10-10T23:53:56.315116+00:00",
  "ad_output": "MISSING_INTERRUPTED"
}
