[preflight] diffsynth resolved from the v2 checkout: ok /home/lpeng/code/mq_PubDataset/GWM/H3-World/outputs/2026-10-08-13/stage1_parallel_resume68_to128/training_runtime/DiffSynth-Studio-h3-v2/diffsynth/models/minimax_h3_dit.py
[preflight] directed attention mask present: ok 
[preflight] packed-sequence builder is the per-latent version: ok 
┌──────────────────────────────────────────────────────────────────────┐
│ DiffSynth-Studio Model Downloader Configuration:                     │
│                                                                      │
│ [ ] Download from https://modelscope.cn/                             │
│     (default behavior)                                               │
│ [ ] Download from https://modelscope.ai/                             │
│     (enabled via `export MODELSCOPE_ENDPOINT=https://modelscope.ai`) │
│ [ ] Download from https://huggingface.co/                            │
│     (enabled via `export DIFFSYNTH_DOWNLOAD_SOURCE=HuggingFace`)     │
│ [√] Skip download and load only pre-downloaded model files           │
│     (enabled via `export DIFFSYNTH_SKIP_DOWNLOAD=True`)              │
└──────────────────────────────────────────────────────────────────────┘
Loading models from: [
    "/home/lpeng/code/mq_PubDataset/GWM/H3-World/outputs/2026-10-08-13/stage1_parallel_resume68_to128/training_runtime/DiffSynth-Studio-h3-v2/models/MiniMax/MiniMax-H3/FL2VA/text_encoder/model-00006-of-00014.safetensors",
    "/home/lpeng/code/mq_PubDataset/GWM/H3-World/outputs/2026-10-08-13/stage1_parallel_resume68_to128/training_runtime/DiffSynth-Studio-h3-v2/models/MiniMax/MiniMax-H3/FL2VA/text_encoder/model-00007-of-00014.safetensors",
    "/home/lpeng/code/mq_PubDataset/GWM/H3-World/outputs/2026-10-08-13/stage1_parallel_resume68_to128/training_runtime/DiffSynth-Studio-h3-v2/models/MiniMax/MiniMax-H3/FL2VA/text_encoder/model-00003-of-00014.safetensors",
    "/home/lpeng/code/mq_PubDataset/GWM/H3-World/outputs/2026-10-08-13/stage1_parallel_resume68_to128/training_runtime/DiffSynth-Studio-h3-v2/models/MiniMax/MiniMax-H3/FL2VA/text_encoder/model-00004-of-00014.safetensors",
    "/home/lpeng/code/mq_PubDataset/GWM/H3-World/outputs/2026-10-08-13/stage1_parallel_resume68_to128/training_runtime/DiffSynth-Studio-h3-v2/models/MiniMax/MiniMax-H3/FL2VA/text_encoder/model-00011-of-00014.safetensors",
    "/home/lpeng/code/mq_PubDataset/GWM/H3-World/outputs/2026-10-08-13/stage1_parallel_resume68_to128/training_runtime/DiffSynth-Studio-h3-v2/models/MiniMax/MiniMax-H3/FL2VA/text_encoder/model-00010-of-00014.safetensors",
    "/home/lpeng/code/mq_PubDataset/GWM/H3-World/outputs/2026-10-08-13/stage1_parallel_resume68_to128/training_runtime/DiffSynth-Studio-h3-v2/models/MiniMax/MiniMax-H3/FL2VA/text_encoder/model-00013-of-00014.safetensors",
    "/home/lpeng/code/mq_PubDataset/GWM/H3-World/outputs/2026-10-08-13/stage1_parallel_resume68_to128/training_runtime/DiffSynth-Studio-h3-v2/models/MiniMax/MiniMax-H3/FL2VA/text_encoder/model-00005-of-00014.safetensors",
    "/home/lpeng/code/mq_PubDataset/GWM/H3-World/outputs/2026-10-08-13/stage1_parallel_resume68_to128/training_runtime/DiffSynth-Studio-h3-v2/models/MiniMax/MiniMax-H3/FL2VA/text_encoder/model-00012-of-00014.safetensors",
    "/home/lpeng/code/mq_PubDataset/GWM/H3-World/outputs/2026-10-08-13/stage1_parallel_resume68_to128/training_runtime/DiffSynth-Studio-h3-v2/models/MiniMax/MiniMax-H3/FL2VA/text_encoder/model-00008-of-00014.safetensors",
    "/home/lpeng/code/mq_PubDataset/GWM/H3-World/outputs/2026-10-08-13/stage1_parallel_resume68_to128/training_runtime/DiffSynth-Studio-h3-v2/models/MiniMax/MiniMax-H3/FL2VA/text_encoder/model-00002-of-00014.safetensors",
    "/home/lpeng/code/mq_PubDataset/GWM/H3-World/outputs/2026-10-08-13/stage1_parallel_resume68_to128/training_runtime/DiffSynth-Studio-h3-v2/models/MiniMax/MiniMax-H3/FL2VA/text_encoder/model-00009-of-00014.safetensors",
    "/home/lpeng/code/mq_PubDataset/GWM/H3-World/outputs/2026-10-08-13/stage1_parallel_resume68_to128/training_runtime/DiffSynth-Studio-h3-v2/models/MiniMax/MiniMax-H3/FL2VA/text_encoder/model-00001-of-00014.safetensors",
    "/home/lpeng/code/mq_PubDataset/GWM/H3-World/outputs/2026-10-08-13/stage1_parallel_resume68_to128/training_runtime/DiffSynth-Studio-h3-v2/models/MiniMax/MiniMax-H3/FL2VA/text_encoder/model-00014-of-00014.safetensors"
]
Loaded model: {
    "model_name": "minimax_h3_text_encoder",
    "model_class": "diffsynth.models.minimax_h3_text_encoder.MiniMaxH3TextEncoder",
    "extra_kwargs": null
}
Loading models from: [
    "/home/lpeng/code/mq_PubDataset/GWM/H3-World/outputs/2026-10-08-13/stage1_parallel_resume68_to128/training_runtime/DiffSynth-Studio-h3-v2/models/MiniMax/MiniMax-H3/FL2VA/transformer/model-00013-of-00013.safetensors",
    "/home/lpeng/code/mq_PubDataset/GWM/H3-World/outputs/2026-10-08-13/stage1_parallel_resume68_to128/training_runtime/DiffSynth-Studio-h3-v2/models/MiniMax/MiniMax-H3/FL2VA/transformer/model-00011-of-00013.safetensors",
    "/home/lpeng/code/mq_PubDataset/GWM/H3-World/outputs/2026-10-08-13/stage1_parallel_resume68_to128/training_runtime/DiffSynth-Studio-h3-v2/models/MiniMax/MiniMax-H3/FL2VA/transformer/model-00012-of-00013.safetensors",
    "/home/lpeng/code/mq_PubDataset/GWM/H3-World/outputs/2026-10-08-13/stage1_parallel_resume68_to128/training_runtime/DiffSynth-Studio-h3-v2/models/MiniMax/MiniMax-H3/FL2VA/transformer/model-00008-of-00013.safetensors",
    "/home/lpeng/code/mq_PubDataset/GWM/H3-World/outputs/2026-10-08-13/stage1_parallel_resume68_to128/training_runtime/DiffSynth-Studio-h3-v2/models/MiniMax/MiniMax-H3/FL2VA/transformer/model-00002-of-00013.safetensors",
    "/home/lpeng/code/mq_PubDataset/GWM/H3-World/outputs/2026-10-08-13/stage1_parallel_resume68_to128/training_runtime/DiffSynth-Studio-h3-v2/models/MiniMax/MiniMax-H3/FL2VA/transformer/model-00009-of-00013.safetensors",
    "/home/lpeng/code/mq_PubDataset/GWM/H3-World/outputs/2026-10-08-13/stage1_parallel_resume68_to128/training_runtime/DiffSynth-Studio-h3-v2/models/MiniMax/MiniMax-H3/FL2VA/transformer/model-00006-of-00013.safetensors",
    "/home/lpeng/code/mq_PubDataset/GWM/H3-World/outputs/2026-10-08-13/stage1_parallel_resume68_to128/training_runtime/DiffSynth-Studio-h3-v2/models/MiniMax/MiniMax-H3/FL2VA/transformer/model-00007-of-00013.safetensors",
    "/home/lpeng/code/mq_PubDataset/GWM/H3-World/outputs/2026-10-08-13/stage1_parallel_resume68_to128/training_runtime/DiffSynth-Studio-h3-v2/models/MiniMax/MiniMax-H3/FL2VA/transformer/model-00003-of-00013.safetensors",
    "/home/lpeng/code/mq_PubDataset/GWM/H3-World/outputs/2026-10-08-13/stage1_parallel_resume68_to128/training_runtime/DiffSynth-Studio-h3-v2/models/MiniMax/MiniMax-H3/FL2VA/transformer/model-00001-of-00013.safetensors",
    "/home/lpeng/code/mq_PubDataset/GWM/H3-World/outputs/2026-10-08-13/stage1_parallel_resume68_to128/training_runtime/DiffSynth-Studio-h3-v2/models/MiniMax/MiniMax-H3/FL2VA/transformer/model-00010-of-00013.safetensors",
    "/home/lpeng/code/mq_PubDataset/GWM/H3-World/outputs/2026-10-08-13/stage1_parallel_resume68_to128/training_runtime/DiffSynth-Studio-h3-v2/models/MiniMax/MiniMax-H3/FL2VA/transformer/model-00005-of-00013.safetensors",
    "/home/lpeng/code/mq_PubDataset/GWM/H3-World/outputs/2026-10-08-13/stage1_parallel_resume68_to128/training_runtime/DiffSynth-Studio-h3-v2/models/MiniMax/MiniMax-H3/FL2VA/transformer/model-00004-of-00013.safetensors"
]
Loaded model: {
    "model_name": "minimax_h3_dit",
    "model_class": "diffsynth.models.minimax_h3_dit.MiniMaxH3DiT",
    "extra_kwargs": null
}
Loading models from: "/home/lpeng/code/mq_PubDataset/GWM/H3-World/outputs/2026-10-08-13/stage1_parallel_resume68_to128/training_runtime/DiffSynth-Studio-h3-v2/models/MiniMax/MiniMax-H3/FL2VA/video_vae/source/model.safetensors"
Loaded model: {
    "model_name": "minimax_h3_video_vae",
    "model_class": "diffsynth.models.minimax_h3_video_vae.MiniMaxH3VideoVAE",
    "extra_kwargs": null
}
Loading models from: "/home/lpeng/code/mq_PubDataset/GWM/H3-World/outputs/2026-10-08-13/stage1_parallel_resume68_to128/training_runtime/DiffSynth-Studio-h3-v2/models/MiniMax/MiniMax-H3/FL2VA/audio_vae/model.safetensors"
Loaded model: {
    "model_name": "minimax_h3_audio_vae",
    "model_class": "diffsynth.models.minimax_h3_audio_vae.MiniMaxH3AudioVAE",
    "extra_kwargs": null
}
Using minimax_h3_text_encoder from [
    "/home/lpeng/code/mq_PubDataset/GWM/H3-World/outputs/2026-10-08-13/stage1_parallel_resume68_to128/training_runtime/DiffSynth-Studio-h3-v2/models/MiniMax/MiniMax-H3/FL2VA/text_encoder/model-00006-of-00014.safetensors",
    "/home/lpeng/code/mq_PubDataset/GWM/H3-World/outputs/2026-10-08-13/stage1_parallel_resume68_to128/training_runtime/DiffSynth-Studio-h3-v2/models/MiniMax/MiniMax-H3/FL2VA/text_encoder/model-00007-of-00014.safetensors",
    "/home/lpeng/code/mq_PubDataset/GWM/H3-World/outputs/2026-10-08-13/stage1_parallel_resume68_to128/training_runtime/DiffSynth-Studio-h3-v2/models/MiniMax/MiniMax-H3/FL2VA/text_encoder/model-00003-of-00014.safetensors",
    "/home/lpeng/code/mq_PubDataset/GWM/H3-World/outputs/2026-10-08-13/stage1_parallel_resume68_to128/training_runtime/DiffSynth-Studio-h3-v2/models/MiniMax/MiniMax-H3/FL2VA/text_encoder/model-00004-of-00014.safetensors",
    "/home/lpeng/code/mq_PubDataset/GWM/H3-World/outputs/2026-10-08-13/stage1_parallel_resume68_to128/training_runtime/DiffSynth-Studio-h3-v2/models/MiniMax/MiniMax-H3/FL2VA/text_encoder/model-00011-of-00014.safetensors",
    "/home/lpeng/code/mq_PubDataset/GWM/H3-World/outputs/2026-10-08-13/stage1_parallel_resume68_to128/training_runtime/DiffSynth-Studio-h3-v2/models/MiniMax/MiniMax-H3/FL2VA/text_encoder/model-00010-of-00014.safetensors",
    "/home/lpeng/code/mq_PubDataset/GWM/H3-World/outputs/2026-10-08-13/stage1_parallel_resume68_to128/training_runtime/DiffSynth-Studio-h3-v2/models/MiniMax/MiniMax-H3/FL2VA/text_encoder/model-00013-of-00014.safetensors",
    "/home/lpeng/code/mq_PubDataset/GWM/H3-World/outputs/2026-10-08-13/stage1_parallel_resume68_to128/training_runtime/DiffSynth-Studio-h3-v2/models/MiniMax/MiniMax-H3/FL2VA/text_encoder/model-00005-of-00014.safetensors",
    "/home/lpeng/code/mq_PubDataset/GWM/H3-World/outputs/2026-10-08-13/stage1_parallel_resume68_to128/training_runtime/DiffSynth-Studio-h3-v2/models/MiniMax/MiniMax-H3/FL2VA/text_encoder/model-00012-of-00014.safetensors",
    "/home/lpeng/code/mq_PubDataset/GWM/H3-World/outputs/2026-10-08-13/stage1_parallel_resume68_to128/training_runtime/DiffSynth-Studio-h3-v2/models/MiniMax/MiniMax-H3/FL2VA/text_encoder/model-00008-of-00014.safetensors",
    "/home/lpeng/code/mq_PubDataset/GWM/H3-World/outputs/2026-10-08-13/stage1_parallel_resume68_to128/training_runtime/DiffSynth-Studio-h3-v2/models/MiniMax/MiniMax-H3/FL2VA/text_encoder/model-00002-of-00014.safetensors",
    "/home/lpeng/code/mq_PubDataset/GWM/H3-World/outputs/2026-10-08-13/stage1_parallel_resume68_to128/training_runtime/DiffSynth-Studio-h3-v2/models/MiniMax/MiniMax-H3/FL2VA/text_encoder/model-00009-of-00014.safetensors",
    "/home/lpeng/code/mq_PubDataset/GWM/H3-World/outputs/2026-10-08-13/stage1_parallel_resume68_to128/training_runtime/DiffSynth-Studio-h3-v2/models/MiniMax/MiniMax-H3/FL2VA/text_encoder/model-00001-of-00014.safetensors",
    "/home/lpeng/code/mq_PubDataset/GWM/H3-World/outputs/2026-10-08-13/stage1_parallel_resume68_to128/training_runtime/DiffSynth-Studio-h3-v2/models/MiniMax/MiniMax-H3/FL2VA/text_encoder/model-00014-of-00014.safetensors"
].
Using minimax_h3_dit from [
    "/home/lpeng/code/mq_PubDataset/GWM/H3-World/outputs/2026-10-08-13/stage1_parallel_resume68_to128/training_runtime/DiffSynth-Studio-h3-v2/models/MiniMax/MiniMax-H3/FL2VA/transformer/model-00013-of-00013.safetensors",
    "/home/lpeng/code/mq_PubDataset/GWM/H3-World/outputs/2026-10-08-13/stage1_parallel_resume68_to128/training_runtime/DiffSynth-Studio-h3-v2/models/MiniMax/MiniMax-H3/FL2VA/transformer/model-00011-of-00013.safetensors",
    "/home/lpeng/code/mq_PubDataset/GWM/H3-World/outputs/2026-10-08-13/stage1_parallel_resume68_to128/training_runtime/DiffSynth-Studio-h3-v2/models/MiniMax/MiniMax-H3/FL2VA/transformer/model-00012-of-00013.safetensors",
    "/home/lpeng/code/mq_PubDataset/GWM/H3-World/outputs/2026-10-08-13/stage1_parallel_resume68_to128/training_runtime/DiffSynth-Studio-h3-v2/models/MiniMax/MiniMax-H3/FL2VA/transformer/model-00008-of-00013.safetensors",
    "/home/lpeng/code/mq_PubDataset/GWM/H3-World/outputs/2026-10-08-13/stage1_parallel_resume68_to128/training_runtime/DiffSynth-Studio-h3-v2/models/MiniMax/MiniMax-H3/FL2VA/transformer/model-00002-of-00013.safetensors",
    "/home/lpeng/code/mq_PubDataset/GWM/H3-World/outputs/2026-10-08-13/stage1_parallel_resume68_to128/training_runtime/DiffSynth-Studio-h3-v2/models/MiniMax/MiniMax-H3/FL2VA/transformer/model-00009-of-00013.safetensors",
    "/home/lpeng/code/mq_PubDataset/GWM/H3-World/outputs/2026-10-08-13/stage1_parallel_resume68_to128/training_runtime/DiffSynth-Studio-h3-v2/models/MiniMax/MiniMax-H3/FL2VA/transformer/model-00006-of-00013.safetensors",
    "/home/lpeng/code/mq_PubDataset/GWM/H3-World/outputs/2026-10-08-13/stage1_parallel_resume68_to128/training_runtime/DiffSynth-Studio-h3-v2/models/MiniMax/MiniMax-H3/FL2VA/transformer/model-00007-of-00013.safetensors",
    "/home/lpeng/code/mq_PubDataset/GWM/H3-World/outputs/2026-10-08-13/stage1_parallel_resume68_to128/training_runtime/DiffSynth-Studio-h3-v2/models/MiniMax/MiniMax-H3/FL2VA/transformer/model-00003-of-00013.safetensors",
    "/home/lpeng/code/mq_PubDataset/GWM/H3-World/outputs/2026-10-08-13/stage1_parallel_resume68_to128/training_runtime/DiffSynth-Studio-h3-v2/models/MiniMax/MiniMax-H3/FL2VA/transformer/model-00001-of-00013.safetensors",
    "/home/lpeng/code/mq_PubDataset/GWM/H3-World/outputs/2026-10-08-13/stage1_parallel_resume68_to128/training_runtime/DiffSynth-Studio-h3-v2/models/MiniMax/MiniMax-H3/FL2VA/transformer/model-00010-of-00013.safetensors",
    "/home/lpeng/code/mq_PubDataset/GWM/H3-World/outputs/2026-10-08-13/stage1_parallel_resume68_to128/training_runtime/DiffSynth-Studio-h3-v2/models/MiniMax/MiniMax-H3/FL2VA/transformer/model-00005-of-00013.safetensors",
    "/home/lpeng/code/mq_PubDataset/GWM/H3-World/outputs/2026-10-08-13/stage1_parallel_resume68_to128/training_runtime/DiffSynth-Studio-h3-v2/models/MiniMax/MiniMax-H3/FL2VA/transformer/model-00004-of-00013.safetensors"
].
Using minimax_h3_video_vae from "/home/lpeng/code/mq_PubDataset/GWM/H3-World/outputs/2026-10-08-13/stage1_parallel_resume68_to128/training_runtime/DiffSynth-Studio-h3-v2/models/MiniMax/MiniMax-H3/FL2VA/video_vae/source/model.safetensors".
Using minimax_h3_audio_vae from "/home/lpeng/code/mq_PubDataset/GWM/H3-World/outputs/2026-10-08-13/stage1_parallel_resume68_to128/training_runtime/DiffSynth-Studio-h3-v2/models/MiniMax/MiniMax-H3/FL2VA/audio_vae/model.safetensors".
104 tensors are patched by LoRA. You can use `pipe.clear_lora()` to clear all LoRA layers.
W1008 18:00:58.612000 4037400 site-packages/torch/_inductor/codecache.py:1040] [0/0] fx graph cache unable to load compiled graph
W1008 18:00:58.612000 4037400 site-packages/torch/_inductor/codecache.py:1040] [0/0] Traceback (most recent call last):
W1008 18:00:58.612000 4037400 site-packages/torch/_inductor/codecache.py:1040] [0/0]   File "/home/lpeng/miniconda3/envs/h3world/lib/python3.10/site-packages/torch/_inductor/codecache.py", line 1038, in iterate_over_candidates
W1008 18:00:58.612000 4037400 site-packages/torch/_inductor/codecache.py:1040] [0/0]     yield pickle.loads(content), content
W1008 18:00:58.612000 4037400 site-packages/torch/_inductor/codecache.py:1040] [0/0] TypeError: DefaultsSource.__init__() takes from 3 to 4 positional arguments but 6 were given
W1008 18:01:11.231000 4037400 site-packages/torch/_inductor/codecache.py:1040] [0/1] fx graph cache unable to load compiled graph
W1008 18:01:11.231000 4037400 site-packages/torch/_inductor/codecache.py:1040] [0/1] Traceback (most recent call last):
W1008 18:01:11.231000 4037400 site-packages/torch/_inductor/codecache.py:1040] [0/1]   File "/home/lpeng/miniconda3/envs/h3world/lib/python3.10/site-packages/torch/_inductor/codecache.py", line 1038, in iterate_over_candidates
W1008 18:01:11.231000 4037400 site-packages/torch/_inductor/codecache.py:1040] [0/1]     yield pickle.loads(content), content
W1008 18:01:11.231000 4037400 site-packages/torch/_inductor/codecache.py:1040] [0/1] TypeError: DefaultsSource.__init__() takes from 3 to 4 positional arguments but 6 were given
W1008 18:01:11.232000 4037400 site-packages/torch/_inductor/codecache.py:1040] [0/1] fx graph cache unable to load compiled graph
W1008 18:01:11.232000 4037400 site-packages/torch/_inductor/codecache.py:1040] [0/1] Traceback (most recent call last):
W1008 18:01:11.232000 4037400 site-packages/torch/_inductor/codecache.py:1040] [0/1]   File "/home/lpeng/miniconda3/envs/h3world/lib/python3.10/site-packages/torch/_inductor/codecache.py", line 1038, in iterate_over_candidates
W1008 18:01:11.232000 4037400 site-packages/torch/_inductor/codecache.py:1040] [0/1]     yield pickle.loads(content), content
W1008 18:01:11.232000 4037400 site-packages/torch/_inductor/codecache.py:1040] [0/1] TypeError: DefaultsSource.__init__() takes from 3 to 4 positional arguments but 6 were given
W1008 18:01:11.233000 4037400 site-packages/torch/_inductor/codecache.py:1040] [0/1] fx graph cache unable to load compiled graph
W1008 18:01:11.233000 4037400 site-packages/torch/_inductor/codecache.py:1040] [0/1] Traceback (most recent call last):
W1008 18:01:11.233000 4037400 site-packages/torch/_inductor/codecache.py:1040] [0/1]   File "/home/lpeng/miniconda3/envs/h3world/lib/python3.10/site-packages/torch/_inductor/codecache.py", line 1038, in iterate_over_candidates
W1008 18:01:11.233000 4037400 site-packages/torch/_inductor/codecache.py:1040] [0/1]     yield pickle.loads(content), content
W1008 18:01:11.233000 4037400 site-packages/torch/_inductor/codecache.py:1040] [0/1] TypeError: DefaultsSource.__init__() takes from 3 to 4 positional arguments but 6 were given
W1008 18:01:11.233000 4037400 site-packages/torch/_inductor/codecache.py:1040] [0/1] fx graph cache unable to load compiled graph
W1008 18:01:11.233000 4037400 site-packages/torch/_inductor/codecache.py:1040] [0/1] Traceback (most recent call last):
W1008 18:01:11.233000 4037400 site-packages/torch/_inductor/codecache.py:1040] [0/1]   File "/home/lpeng/miniconda3/envs/h3world/lib/python3.10/site-packages/torch/_inductor/codecache.py", line 1038, in iterate_over_candidates
W1008 18:01:11.233000 4037400 site-packages/torch/_inductor/codecache.py:1040] [0/1]     yield pickle.loads(content), content
W1008 18:01:11.233000 4037400 site-packages/torch/_inductor/codecache.py:1040] [0/1] TypeError: DefaultsSource.__init__() takes from 3 to 4 positional arguments but 6 were given
W1008 18:01:11.233000 4037400 site-packages/torch/_inductor/codecache.py:1040] [0/1] fx graph cache unable to load compiled graph
W1008 18:01:11.233000 4037400 site-packages/torch/_inductor/codecache.py:1040] [0/1] Traceback (most recent call last):
W1008 18:01:11.233000 4037400 site-packages/torch/_inductor/codecache.py:1040] [0/1]   File "/home/lpeng/miniconda3/envs/h3world/lib/python3.10/site-packages/torch/_inductor/codecache.py", line 1038, in iterate_over_candidates
W1008 18:01:11.233000 4037400 site-packages/torch/_inductor/codecache.py:1040] [0/1]     yield pickle.loads(content), content
W1008 18:01:11.233000 4037400 site-packages/torch/_inductor/codecache.py:1040] [0/1] TypeError: DefaultsSource.__init__() takes from 3 to 4 positional arguments but 6 were given
W1008 18:01:11.234000 4037400 site-packages/torch/_inductor/codecache.py:1040] [0/1] fx graph cache unable to load compiled graph
W1008 18:01:11.234000 4037400 site-packages/torch/_inductor/codecache.py:1040] [0/1] Traceback (most recent call last):
W1008 18:01:11.234000 4037400 site-packages/torch/_inductor/codecache.py:1040] [0/1]   File "/home/lpeng/miniconda3/envs/h3world/lib/python3.10/site-packages/torch/_inductor/codecache.py", line 1038, in iterate_over_candidates
W1008 18:01:11.234000 4037400 site-packages/torch/_inductor/codecache.py:1040] [0/1]     yield pickle.loads(content), content
W1008 18:01:11.234000 4037400 site-packages/torch/_inductor/codecache.py:1040] [0/1] TypeError: DefaultsSource.__init__() takes from 3 to 4 positional arguments but 6 were given
W1008 18:01:11.234000 4037400 site-packages/torch/_inductor/codecache.py:1040] [0/1] fx graph cache unable to load compiled graph
W1008 18:01:11.234000 4037400 site-packages/torch/_inductor/codecache.py:1040] [0/1] Traceback (most recent call last):
W1008 18:01:11.234000 4037400 site-packages/torch/_inductor/codecache.py:1040] [0/1]   File "/home/lpeng/miniconda3/envs/h3world/lib/python3.10/site-packages/torch/_inductor/codecache.py", line 1038, in iterate_over_candidates
W1008 18:01:11.234000 4037400 site-packages/torch/_inductor/codecache.py:1040] [0/1]     yield pickle.loads(content), content
W1008 18:01:11.234000 4037400 site-packages/torch/_inductor/codecache.py:1040] [0/1] TypeError: DefaultsSource.__init__() takes from 3 to 4 positional arguments but 6 were given
W1008 18:01:11.235000 4037400 site-packages/torch/_inductor/codecache.py:1040] [0/1] fx graph cache unable to load compiled graph
W1008 18:01:11.235000 4037400 site-packages/torch/_inductor/codecache.py:1040] [0/1] Traceback (most recent call last):
W1008 18:01:11.235000 4037400 site-packages/torch/_inductor/codecache.py:1040] [0/1]   File "/home/lpeng/miniconda3/envs/h3world/lib/python3.10/site-packages/torch/_inductor/codecache.py", line 1038, in iterate_over_candidates
W1008 18:01:11.235000 4037400 site-packages/torch/_inductor/codecache.py:1040] [0/1]     yield pickle.loads(content), content
W1008 18:01:11.235000 4037400 site-packages/torch/_inductor/codecache.py:1040] [0/1] TypeError: DefaultsSource.__init__() takes from 3 to 4 positional arguments but 6 were given
W1008 18:01:11.235000 4037400 site-packages/torch/_inductor/codecache.py:1040] [0/1] fx graph cache unable to load compiled graph
W1008 18:01:11.235000 4037400 site-packages/torch/_inductor/codecache.py:1040] [0/1] Traceback (most recent call last):
W1008 18:01:11.235000 4037400 site-packages/torch/_inductor/codecache.py:1040] [0/1]   File "/home/lpeng/miniconda3/envs/h3world/lib/python3.10/site-packages/torch/_inductor/codecache.py", line 1038, in iterate_over_candidates
W1008 18:01:11.235000 4037400 site-packages/torch/_inductor/codecache.py:1040] [0/1]     yield pickle.loads(content), content
W1008 18:01:11.235000 4037400 site-packages/torch/_inductor/codecache.py:1040] [0/1] TypeError: DefaultsSource.__init__() takes from 3 to 4 positional arguments but 6 were given
W1008 18:01:11.235000 4037400 site-packages/torch/_inductor/codecache.py:1040] [0/1] fx graph cache unable to load compiled graph
W1008 18:01:11.235000 4037400 site-packages/torch/_inductor/codecache.py:1040] [0/1] Traceback (most recent call last):
W1008 18:01:11.235000 4037400 site-packages/torch/_inductor/codecache.py:1040] [0/1]   File "/home/lpeng/miniconda3/envs/h3world/lib/python3.10/site-packages/torch/_inductor/codecache.py", line 1038, in iterate_over_candidates
W1008 18:01:11.235000 4037400 site-packages/torch/_inductor/codecache.py:1040] [0/1]     yield pickle.loads(content), content
W1008 18:01:11.235000 4037400 site-packages/torch/_inductor/codecache.py:1040] [0/1] TypeError: DefaultsSource.__init__() takes from 3 to 4 positional arguments but 6 were given
W1008 18:01:11.236000 4037400 site-packages/torch/_inductor/codecache.py:1040] [0/1] fx graph cache unable to load compiled graph
W1008 18:01:11.236000 4037400 site-packages/torch/_inductor/codecache.py:1040] [0/1] Traceback (most recent call last):
W1008 18:01:11.236000 4037400 site-packages/torch/_inductor/codecache.py:1040] [0/1]   File "/home/lpeng/miniconda3/envs/h3world/lib/python3.10/site-packages/torch/_inductor/codecache.py", line 1038, in iterate_over_candidates
W1008 18:01:11.236000 4037400 site-packages/torch/_inductor/codecache.py:1040] [0/1]     yield pickle.loads(content), content
W1008 18:01:11.236000 4037400 site-packages/torch/_inductor/codecache.py:1040] [0/1] TypeError: DefaultsSource.__init__() takes from 3 to 4 positional arguments but 6 were given
W1008 18:01:11.236000 4037400 site-packages/torch/_inductor/codecache.py:1040] [0/1] fx graph cache unable to load compiled graph
W1008 18:01:11.236000 4037400 site-packages/torch/_inductor/codecache.py:1040] [0/1] Traceback (most recent call last):
W1008 18:01:11.236000 4037400 site-packages/torch/_inductor/codecache.py:1040] [0/1]   File "/home/lpeng/miniconda3/envs/h3world/lib/python3.10/site-packages/torch/_inductor/codecache.py", line 1038, in iterate_over_candidates
W1008 18:01:11.236000 4037400 site-packages/torch/_inductor/codecache.py:1040] [0/1]     yield pickle.loads(content), content
W1008 18:01:11.236000 4037400 site-packages/torch/_inductor/codecache.py:1040] [0/1] TypeError: DefaultsSource.__init__() takes from 3 to 4 positional arguments but 6 were given
W1008 18:01:11.237000 4037400 site-packages/torch/_inductor/codecache.py:1040] [0/1] fx graph cache unable to load compiled graph
W1008 18:01:11.237000 4037400 site-packages/torch/_inductor/codecache.py:1040] [0/1] Traceback (most recent call last):
W1008 18:01:11.237000 4037400 site-packages/torch/_inductor/codecache.py:1040] [0/1]   File "/home/lpeng/miniconda3/envs/h3world/lib/python3.10/site-packages/torch/_inductor/codecache.py", line 1038, in iterate_over_candidates
W1008 18:01:11.237000 4037400 site-packages/torch/_inductor/codecache.py:1040] [0/1]     yield pickle.loads(content), content
W1008 18:01:11.237000 4037400 site-packages/torch/_inductor/codecache.py:1040] [0/1] TypeError: DefaultsSource.__init__() takes from 3 to 4 positional arguments but 6 were given
{"chunk": 1, "sigma": 0.9395404663085938, "matched": 0.20504980699520595, "native": 0.04415813448749467, "norm_ratio": 1.1908729613547777}
{"chunk": 1, "sigma": 0.6894410400390625, "matched": 0.08295460108375852, "native": 0.12418696788407613, "norm_ratio": 1.1954610098832144}
{"chunk": 1, "sigma": 0.24078089904785155, "matched": 0.031851375246057675, "native": 0.039622347311801046, "norm_ratio": 1.1525903099933845}
W1008 18:03:54.201000 4037400 site-packages/torch/_inductor/codecache.py:1040] [0/2] fx graph cache unable to load compiled graph
W1008 18:03:54.201000 4037400 site-packages/torch/_inductor/codecache.py:1040] [0/2] Traceback (most recent call last):
W1008 18:03:54.201000 4037400 site-packages/torch/_inductor/codecache.py:1040] [0/2]   File "/home/lpeng/miniconda3/envs/h3world/lib/python3.10/site-packages/torch/_inductor/codecache.py", line 1038, in iterate_over_candidates
W1008 18:03:54.201000 4037400 site-packages/torch/_inductor/codecache.py:1040] [0/2]     yield pickle.loads(content), content
W1008 18:03:54.201000 4037400 site-packages/torch/_inductor/codecache.py:1040] [0/2] TypeError: DefaultsSource.__init__() takes from 3 to 4 positional arguments but 6 were given
W1008 18:04:05.526000 4037400 site-packages/torch/_inductor/codecache.py:1040] [0/3] fx graph cache unable to load compiled graph
W1008 18:04:05.526000 4037400 site-packages/torch/_inductor/codecache.py:1040] [0/3] Traceback (most recent call last):
W1008 18:04:05.526000 4037400 site-packages/torch/_inductor/codecache.py:1040] [0/3]   File "/home/lpeng/miniconda3/envs/h3world/lib/python3.10/site-packages/torch/_inductor/codecache.py", line 1038, in iterate_over_candidates
W1008 18:04:05.526000 4037400 site-packages/torch/_inductor/codecache.py:1040] [0/3]     yield pickle.loads(content), content
W1008 18:04:05.526000 4037400 site-packages/torch/_inductor/codecache.py:1040] [0/3] TypeError: DefaultsSource.__init__() takes from 3 to 4 positional arguments but 6 were given
W1008 18:04:05.527000 4037400 site-packages/torch/_inductor/codecache.py:1040] [0/3] fx graph cache unable to load compiled graph
W1008 18:04:05.527000 4037400 site-packages/torch/_inductor/codecache.py:1040] [0/3] Traceback (most recent call last):
W1008 18:04:05.527000 4037400 site-packages/torch/_inductor/codecache.py:1040] [0/3]   File "/home/lpeng/miniconda3/envs/h3world/lib/python3.10/site-packages/torch/_inductor/codecache.py", line 1038, in iterate_over_candidates
W1008 18:04:05.527000 4037400 site-packages/torch/_inductor/codecache.py:1040] [0/3]     yield pickle.loads(content), content
W1008 18:04:05.527000 4037400 site-packages/torch/_inductor/codecache.py:1040] [0/3] TypeError: DefaultsSource.__init__() takes from 3 to 4 positional arguments but 6 were given
W1008 18:04:05.527000 4037400 site-packages/torch/_inductor/codecache.py:1040] [0/3] fx graph cache unable to load compiled graph
W1008 18:04:05.527000 4037400 site-packages/torch/_inductor/codecache.py:1040] [0/3] Traceback (most recent call last):
W1008 18:04:05.527000 4037400 site-packages/torch/_inductor/codecache.py:1040] [0/3]   File "/home/lpeng/miniconda3/envs/h3world/lib/python3.10/site-packages/torch/_inductor/codecache.py", line 1038, in iterate_over_candidates
W1008 18:04:05.527000 4037400 site-packages/torch/_inductor/codecache.py:1040] [0/3]     yield pickle.loads(content), content
W1008 18:04:05.527000 4037400 site-packages/torch/_inductor/codecache.py:1040] [0/3] TypeError: DefaultsSource.__init__() takes from 3 to 4 positional arguments but 6 were given
W1008 18:04:05.527000 4037400 site-packages/torch/_inductor/codecache.py:1040] [0/3] fx graph cache unable to load compiled graph
W1008 18:04:05.527000 4037400 site-packages/torch/_inductor/codecache.py:1040] [0/3] Traceback (most recent call last):
W1008 18:04:05.527000 4037400 site-packages/torch/_inductor/codecache.py:1040] [0/3]   File "/home/lpeng/miniconda3/envs/h3world/lib/python3.10/site-packages/torch/_inductor/codecache.py", line 1038, in iterate_over_candidates
W1008 18:04:05.527000 4037400 site-packages/torch/_inductor/codecache.py:1040] [0/3]     yield pickle.loads(content), content
W1008 18:04:05.527000 4037400 site-packages/torch/_inductor/codecache.py:1040] [0/3] TypeError: DefaultsSource.__init__() takes from 3 to 4 positional arguments but 6 were given
W1008 18:04:05.528000 4037400 site-packages/torch/_inductor/codecache.py:1040] [0/3] fx graph cache unable to load compiled graph
W1008 18:04:05.528000 4037400 site-packages/torch/_inductor/codecache.py:1040] [0/3] Traceback (most recent call last):
W1008 18:04:05.528000 4037400 site-packages/torch/_inductor/codecache.py:1040] [0/3]   File "/home/lpeng/miniconda3/envs/h3world/lib/python3.10/site-packages/torch/_inductor/codecache.py", line 1038, in iterate_over_candidates
W1008 18:04:05.528000 4037400 site-packages/torch/_inductor/codecache.py:1040] [0/3]     yield pickle.loads(content), content
W1008 18:04:05.528000 4037400 site-packages/torch/_inductor/codecache.py:1040] [0/3] TypeError: DefaultsSource.__init__() takes from 3 to 4 positional arguments but 6 were given
W1008 18:04:05.528000 4037400 site-packages/torch/_inductor/codecache.py:1040] [0/3] fx graph cache unable to load compiled graph
W1008 18:04:05.528000 4037400 site-packages/torch/_inductor/codecache.py:1040] [0/3] Traceback (most recent call last):
W1008 18:04:05.528000 4037400 site-packages/torch/_inductor/codecache.py:1040] [0/3]   File "/home/lpeng/miniconda3/envs/h3world/lib/python3.10/site-packages/torch/_inductor/codecache.py", line 1038, in iterate_over_candidates
W1008 18:04:05.528000 4037400 site-packages/torch/_inductor/codecache.py:1040] [0/3]     yield pickle.loads(content), content
W1008 18:04:05.528000 4037400 site-packages/torch/_inductor/codecache.py:1040] [0/3] TypeError: DefaultsSource.__init__() takes from 3 to 4 positional arguments but 6 were given
W1008 18:04:05.528000 4037400 site-packages/torch/_inductor/codecache.py:1040] [0/3] fx graph cache unable to load compiled graph
W1008 18:04:05.528000 4037400 site-packages/torch/_inductor/codecache.py:1040] [0/3] Traceback (most recent call last):
W1008 18:04:05.528000 4037400 site-packages/torch/_inductor/codecache.py:1040] [0/3]   File "/home/lpeng/miniconda3/envs/h3world/lib/python3.10/site-packages/torch/_inductor/codecache.py", line 1038, in iterate_over_candidates
W1008 18:04:05.528000 4037400 site-packages/torch/_inductor/codecache.py:1040] [0/3]     yield pickle.loads(content), content
W1008 18:04:05.528000 4037400 site-packages/torch/_inductor/codecache.py:1040] [0/3] TypeError: DefaultsSource.__init__() takes from 3 to 4 positional arguments but 6 were given
W1008 18:04:05.529000 4037400 site-packages/torch/_inductor/codecache.py:1040] [0/3] fx graph cache unable to load compiled graph
W1008 18:04:05.529000 4037400 site-packages/torch/_inductor/codecache.py:1040] [0/3] Traceback (most recent call last):
W1008 18:04:05.529000 4037400 site-packages/torch/_inductor/codecache.py:1040] [0/3]   File "/home/lpeng/miniconda3/envs/h3world/lib/python3.10/site-packages/torch/_inductor/codecache.py", line 1038, in iterate_over_candidates
W1008 18:04:05.529000 4037400 site-packages/torch/_inductor/codecache.py:1040] [0/3]     yield pickle.loads(content), content
W1008 18:04:05.529000 4037400 site-packages/torch/_inductor/codecache.py:1040] [0/3] TypeError: DefaultsSource.__init__() takes from 3 to 4 positional arguments but 6 were given
W1008 18:04:05.529000 4037400 site-packages/torch/_inductor/codecache.py:1040] [0/3] fx graph cache unable to load compiled graph
W1008 18:04:05.529000 4037400 site-packages/torch/_inductor/codecache.py:1040] [0/3] Traceback (most recent call last):
W1008 18:04:05.529000 4037400 site-packages/torch/_inductor/codecache.py:1040] [0/3]   File "/home/lpeng/miniconda3/envs/h3world/lib/python3.10/site-packages/torch/_inductor/codecache.py", line 1038, in iterate_over_candidates
W1008 18:04:05.529000 4037400 site-packages/torch/_inductor/codecache.py:1040] [0/3]     yield pickle.loads(content), content
W1008 18:04:05.529000 4037400 site-packages/torch/_inductor/codecache.py:1040] [0/3] TypeError: DefaultsSource.__init__() takes from 3 to 4 positional arguments but 6 were given
W1008 18:04:05.529000 4037400 site-packages/torch/_inductor/codecache.py:1040] [0/3] fx graph cache unable to load compiled graph
W1008 18:04:05.529000 4037400 site-packages/torch/_inductor/codecache.py:1040] [0/3] Traceback (most recent call last):
W1008 18:04:05.529000 4037400 site-packages/torch/_inductor/codecache.py:1040] [0/3]   File "/home/lpeng/miniconda3/envs/h3world/lib/python3.10/site-packages/torch/_inductor/codecache.py", line 1038, in iterate_over_candidates
W1008 18:04:05.529000 4037400 site-packages/torch/_inductor/codecache.py:1040] [0/3]     yield pickle.loads(content), content
W1008 18:04:05.529000 4037400 site-packages/torch/_inductor/codecache.py:1040] [0/3] TypeError: DefaultsSource.__init__() takes from 3 to 4 positional arguments but 6 were given
W1008 18:04:05.530000 4037400 site-packages/torch/_inductor/codecache.py:1040] [0/3] fx graph cache unable to load compiled graph
W1008 18:04:05.530000 4037400 site-packages/torch/_inductor/codecache.py:1040] [0/3] Traceback (most recent call last):
W1008 18:04:05.530000 4037400 site-packages/torch/_inductor/codecache.py:1040] [0/3]   File "/home/lpeng/miniconda3/envs/h3world/lib/python3.10/site-packages/torch/_inductor/codecache.py", line 1038, in iterate_over_candidates
W1008 18:04:05.530000 4037400 site-packages/torch/_inductor/codecache.py:1040] [0/3]     yield pickle.loads(content), content
W1008 18:04:05.530000 4037400 site-packages/torch/_inductor/codecache.py:1040] [0/3] TypeError: DefaultsSource.__init__() takes from 3 to 4 positional arguments but 6 were given
W1008 18:04:05.530000 4037400 site-packages/torch/_inductor/codecache.py:1040] [0/3] fx graph cache unable to load compiled graph
W1008 18:04:05.530000 4037400 site-packages/torch/_inductor/codecache.py:1040] [0/3] Traceback (most recent call last):
W1008 18:04:05.530000 4037400 site-packages/torch/_inductor/codecache.py:1040] [0/3]   File "/home/lpeng/miniconda3/envs/h3world/lib/python3.10/site-packages/torch/_inductor/codecache.py", line 1038, in iterate_over_candidates
W1008 18:04:05.530000 4037400 site-packages/torch/_inductor/codecache.py:1040] [0/3]     yield pickle.loads(content), content
W1008 18:04:05.530000 4037400 site-packages/torch/_inductor/codecache.py:1040] [0/3] TypeError: DefaultsSource.__init__() takes from 3 to 4 positional arguments but 6 were given
W1008 18:04:05.530000 4037400 site-packages/torch/_inductor/codecache.py:1040] [0/3] fx graph cache unable to load compiled graph
W1008 18:04:05.530000 4037400 site-packages/torch/_inductor/codecache.py:1040] [0/3] Traceback (most recent call last):
W1008 18:04:05.530000 4037400 site-packages/torch/_inductor/codecache.py:1040] [0/3]   File "/home/lpeng/miniconda3/envs/h3world/lib/python3.10/site-packages/torch/_inductor/codecache.py", line 1038, in iterate_over_candidates
W1008 18:04:05.530000 4037400 site-packages/torch/_inductor/codecache.py:1040] [0/3]     yield pickle.loads(content), content
W1008 18:04:05.530000 4037400 site-packages/torch/_inductor/codecache.py:1040] [0/3] TypeError: DefaultsSource.__init__() takes from 3 to 4 positional arguments but 6 were given
W1008 18:04:05.530000 4037400 site-packages/torch/_inductor/codecache.py:1040] [0/3] fx graph cache unable to load compiled graph
W1008 18:04:05.530000 4037400 site-packages/torch/_inductor/codecache.py:1040] [0/3] Traceback (most recent call last):
W1008 18:04:05.530000 4037400 site-packages/torch/_inductor/codecache.py:1040] [0/3]   File "/home/lpeng/miniconda3/envs/h3world/lib/python3.10/site-packages/torch/_inductor/codecache.py", line 1038, in iterate_over_candidates
W1008 18:04:05.530000 4037400 site-packages/torch/_inductor/codecache.py:1040] [0/3]     yield pickle.loads(content), content
W1008 18:04:05.530000 4037400 site-packages/torch/_inductor/codecache.py:1040] [0/3] TypeError: DefaultsSource.__init__() takes from 3 to 4 positional arguments but 6 were given
{"chunk": 2, "sigma": 0.9395404663085938, "matched": -0.1023353115280156, "native": 0.2773780625689785, "norm_ratio": 3.5563058558554435}
{"chunk": 2, "sigma": 0.6894410400390625, "matched": -0.05881209053456649, "native": 0.03313506800151224, "norm_ratio": 0.9163781343960071}
{"chunk": 2, "sigma": 0.24078089904785155, "matched": 0.047904425024035815, "native": 0.016770819563062193, "norm_ratio": 1.017520360067158}
