2026-10-10T04:28:06.245357+08:00 loaded path=AA cache={'layer_count': 50, 'entries_per_layer': [(0, 4680), (1, 1950)], 'tokens_per_layer': 6630, 'nbytes': 9632064000, 'peak_bytes': 9632064000, 'commit_calls_per_layer': 2} load_s=2.880 cache_load_s=3.874
2026-10-10T04:28:36.003707+08:00 third5 committed once; cache_through22_sha=b1374561af02497346c28cb8c336649337fbfd764bd37309483e324f9056c40f commit_s=11.807 save_s=10.289
2026-10-10T04:28:59.596522+08:00 AA [22,27) 5/30
2026-10-10T04:29:22.987428+08:00 AA [22,27) 10/30
2026-10-10T04:29:46.017270+08:00 AA [22,27) 15/30
2026-10-10T04:30:11.916954+08:00 AA [22,27) 20/30
2026-10-10T04:30:39.081133+08:00 AA [22,27) 25/30
2026-10-10T04:31:04.578201+08:00 AA [22,27) 30/30
2026-10-10T04:31:54.686127+08:00 DONE AA RGB90 flow=1.4629 video=/home/qma/work/GWM/H3-World/outputs/EXP-003_native_cached_124/AA/rollout_90.mp4
2026-10-10T04:31:54.687029+08:00 REVIEW_GATE RGB90: inspect video; type CONTINUE or STOP
2026-10-10T04:33:25.001500+08:00 AA [27,32) 5/30
2026-10-10T04:33:54.620797+08:00 AA [27,32) 10/30
2026-10-10T04:34:24.099831+08:00 AA [27,32) 15/30
2026-10-10T04:34:52.911912+08:00 AA [27,32) 20/30
2026-10-10T04:35:22.361603+08:00 AA [27,32) 25/30
2026-10-10T04:35:51.184159+08:00 AA [27,32) 30/30
2026-10-10T04:36:50.270629+08:00 DONE AA RGB107 flow=0.9529 video=/home/qma/work/GWM/H3-World/outputs/EXP-003_native_cached_124/AA/rollout_107.mp4
2026-10-10T04:36:50.271614+08:00 REVIEW_GATE RGB107: inspect video; type CONTINUE or STOP
2026-10-10T04:38:07.577355+08:00 AA [32,37) 5/30
2026-10-10T04:38:39.578948+08:00 AA [32,37) 10/30
2026-10-10T04:39:10.930697+08:00 AA [32,37) 15/30
2026-10-10T04:39:41.937123+08:00 AA [32,37) 20/30
2026-10-10T04:40:13.664987+08:00 AA [32,37) 25/30
2026-10-10T04:40:45.501417+08:00 AA [32,37) 30/30
2026-10-10T04:41:11.694604+08:00 DONE AA RGB124 flow=1.3354 video=/home/qma/work/GWM/H3-World/outputs/EXP-003_native_cached_124/AA/rollout_124.mp4
