2026-10-10T04:41:58.674219+08:00 loaded path=AD cache={'layer_count': 50, 'entries_per_layer': [(0, 4680), (1, 1950)], 'tokens_per_layer': 6630, 'nbytes': 9632064000, 'peak_bytes': 9632064000, 'commit_calls_per_layer': 2} load_s=2.884 cache_load_s=3.914
2026-10-10T04:42:28.424968+08:00 third5 committed once; cache_through22_sha=8014405697dd56c267847c89e86f5646a3ad1e1fed7588017ac0ddba06a6514c commit_s=11.818 save_s=10.267
2026-10-10T04:42:52.168620+08:00 AD [22,27) 5/30
2026-10-10T04:43:15.615615+08:00 AD [22,27) 10/30
2026-10-10T04:43:38.781825+08:00 AD [22,27) 15/30
2026-10-10T04:44:04.694194+08:00 AD [22,27) 20/30
2026-10-10T04:44:31.893002+08:00 AD [22,27) 25/30
2026-10-10T04:44:57.486850+08:00 AD [22,27) 30/30
2026-10-10T04:45:47.709829+08:00 DONE AD RGB90 flow=-1.3040 video=/home/qma/work/GWM/H3-World/outputs/EXP-003_native_cached_124/AD/rollout_90.mp4
2026-10-10T04:45:47.710514+08:00 REVIEW_GATE RGB90: inspect video; type CONTINUE or STOP
2026-10-10T04:46:46.618307+08:00 AD [27,32) 5/30
2026-10-10T04:47:16.328901+08:00 AD [27,32) 10/30
2026-10-10T04:47:45.868030+08:00 AD [27,32) 15/30
2026-10-10T04:48:14.696438+08:00 AD [27,32) 20/30
2026-10-10T04:48:44.166892+08:00 AD [27,32) 25/30
2026-10-10T04:49:13.047899+08:00 AD [27,32) 30/30
2026-10-10T04:50:12.127956+08:00 DONE AD RGB107 flow=-0.6482 video=/home/qma/work/GWM/H3-World/outputs/EXP-003_native_cached_124/AD/rollout_107.mp4
2026-10-10T04:50:12.128949+08:00 REVIEW_GATE RGB107: inspect video; type CONTINUE or STOP
2026-10-10T04:51:35.263032+08:00 AD [32,37) 5/30
2026-10-10T04:52:07.110929+08:00 AD [32,37) 10/30
2026-10-10T04:52:38.149478+08:00 AD [32,37) 15/30
2026-10-10T04:53:09.202248+08:00 AD [32,37) 20/30
2026-10-10T04:53:40.783212+08:00 AD [32,37) 25/30
2026-10-10T04:54:12.412643+08:00 AD [32,37) 30/30
2026-10-10T04:54:38.365604+08:00 DONE AD RGB124 flow=-1.2402 video=/home/qma/work/GWM/H3-World/outputs/EXP-003_native_cached_124/AD/rollout_124.mp4
