{
  "status": "passed",
  "at": "2026-10-08T23:45:42.561847+08:00",
  "legacy_default": [
    {
      "objective": "fm",
      "full_history": true,
      "loss_gradient_rng_identical_to_frozen_trainer": true
    },
    {
      "objective": "anyflow",
      "full_history": true,
      "loss_gradient_rng_identical_to_frozen_trainer": true
    }
  ],
  "legacy_resume_validated": true,
  "changed_loss_exact_resume_rejected": true,
  "all192_control_sigmas_reconstructed": true,
  "final_control_logical_rng_matches_saved_state": true,
  "candidate_uses_identical_noise_stream": true,
  "coverage": {
    "control": {
      "low": 4,
      "mid": 35,
      "high": 153
    },
    "candidate": {
      "low": 30,
      "mid": 76,
      "high": 86
    }
  },
  "limitation": "Noise hashes reconstructed from exact saved RNG/code; historical run did not save actual noise tensor hashes. CPU equivalence is not quality evidence."
}
