{
  "status": "complete_matched_noise_sweep",
  "groups": {
    "all_grid_points": {
      "count": 54,
      "original_raw_velocity_mse": 0.17342596986986808,
      "original_clean_endpoint_mse": 0.055187763811146956,
      "original_normalized_velocity_mse": 0.08895776248551308,
      "causal0_raw_velocity_mse": 0.2139037779541582,
      "causal0_clean_endpoint_mse": 0.07723758751550233,
      "causal0_normalized_velocity_mse": 0.10974987504472164,
      "causal48_raw_velocity_mse": 0.21075975570090702,
      "causal48_clean_endpoint_mse": 0.07598660020091232,
      "causal48_normalized_velocity_mse": 0.10810238476204055,
      "causal0_vs_original_cos": 0.9860548635767624,
      "causal48_vs_original_cos": 0.9868805078935585,
      "gaussian_weight12": 1.5957924524943035,
      "gaussian_weight2_22": 0.9131987889607748,
      "improved_cases": 52
    },
    "native8_only": {
      "count": 48,
      "original_raw_velocity_mse": 0.13074017483287234,
      "original_clean_endpoint_mse": 0.061760784857893505,
      "original_normalized_velocity_mse": 0.0668167152646408,
      "causal0_raw_velocity_mse": 0.16873185135622734,
      "causal0_clean_endpoint_mse": 0.08652868175759465,
      "causal0_normalized_velocity_mse": 0.08631222594367859,
      "causal48_raw_velocity_mse": 0.16591486300350203,
      "causal48_clean_endpoint_mse": 0.08512496181199583,
      "causal48_normalized_velocity_mse": 0.0848299888815459,
      "causal0_vs_original_cos": 0.9874956260653782,
      "causal48_vs_original_cos": 0.9882201747312677,
      "gaussian_weight12": 1.7187117859721184,
      "gaussian_weight2_22": 0.9817456640303135,
      "improved_cases": 46
    },
    "bin_low": {
      "count": 12,
      "original_raw_velocity_mse": 0.3795224308628082,
      "original_clean_endpoint_mse": 0.008378643350670211,
      "original_normalized_velocity_mse": 0.19587850317157462,
      "causal0_raw_velocity_mse": 0.42830768974972294,
      "causal0_clean_endpoint_mse": 0.009609711644457583,
      "causal0_normalized_velocity_mse": 0.22106352443391772,
      "causal48_raw_velocity_mse": 0.4237185505724133,
      "causal48_clean_endpoint_mse": 0.009496068919733855,
      "causal48_normalized_velocity_mse": 0.21869875760618251,
      "causal0_vs_original_cos": 0.9802211841145904,
      "causal48_vs_original_cos": 0.9814756135653558,
      "gaussian_weight12": 1.3193457424640656,
      "gaussian_weight2_22": 0.7579830139875412,
      "improved_cases": 12
    },
    "bin_mid": {
      "count": 18,
      "original_raw_velocity_mse": 0.12278682544510124,
      "original_clean_endpoint_mse": 0.037121407309247886,
      "original_normalized_velocity_mse": 0.06289441076678125,
      "causal0_raw_velocity_mse": 0.14870642137559753,
      "causal0_clean_endpoint_mse": 0.045347514016759405,
      "causal0_normalized_velocity_mse": 0.076144812450726,
      "causal48_raw_velocity_mse": 0.14604541260462972,
      "causal48_clean_endpoint_mse": 0.04448639518931154,
      "causal48_normalized_velocity_mse": 0.0747834515894292,
      "causal0_vs_original_cos": 0.9908177124776223,
      "causal48_vs_original_cos": 0.991450527045678,
      "gaussian_weight12": 2.7328008015950522,
      "gaussian_weight2_22": 1.5622117122014363,
      "improved_cases": 18
    },
    "bin_high": {
      "count": 24,
      "original_raw_velocity_mse": 0.10835709769197317,
      "original_clean_endpoint_mse": 0.09214209141780963,
      "original_normalized_velocity_mse": 0.05504490593153119,
      "causal0_raw_velocity_mse": 0.15559983949029632,
      "causal0_clean_endpoint_mse": 0.13496908057508192,
      "causal0_normalized_velocity_mse": 0.07929684729562031,
      "causal48_raw_velocity_mse": 0.15281611558736186,
      "causal48_clean_endpoint_mse": 0.13285701960020213,
      "causal48_normalized_velocity_mse": 0.0777933982194281,
      "causal0_vs_original_cos": 0.9853995666322037,
      "causal48_vs_original_cos": 0.9861554406935703,
      "gaussian_weight12": 0.8812595456838608,
      "gaussian_weight2_22": 0.5040469840168953,
      "improved_cases": 22
    },
    "sigma_1.000000": {
      "count": 6,
      "original_raw_velocity_mse": 0.16348385326006076,
      "original_clean_endpoint_mse": 0.16348385326006076,
      "original_normalized_velocity_mse": 0.08245098784908497,
      "causal0_raw_velocity_mse": 0.27620358302313375,
      "causal0_clean_endpoint_mse": 0.27620358302313375,
      "causal0_normalized_velocity_mse": 0.1400413855889951,
      "causal48_raw_velocity_mse": 0.2779066080601254,
      "causal48_clean_endpoint_mse": 0.2779066080601254,
      "causal48_normalized_velocity_mse": 0.14071490045886198,
      "causal0_vs_original_cos": 0.9706951903108394,
      "causal48_vs_original_cos": 0.970988601789148,
      "gaussian_weight12": 0.0,
      "gaussian_weight2_22": 0.0,
      "improved_cases": 4
    },
    "sigma_0.939540": {
      "count": 6,
      "original_raw_velocity_mse": 0.09982225734602374,
      "original_clean_endpoint_mse": 0.08811672889257667,
      "original_normalized_velocity_mse": 0.05097816305894676,
      "causal0_raw_velocity_mse": 0.13145518074144777,
      "causal0_clean_endpoint_mse": 0.11604025826390739,
      "causal0_normalized_velocity_mse": 0.06751312529936275,
      "causal48_raw_velocity_mse": 0.12489274863735855,
      "causal48_clean_endpoint_mse": 0.11024736130919827,
      "causal48_normalized_velocity_mse": 0.06406314397923013,
      "causal0_vs_original_cos": 0.9870782081188542,
      "causal48_vs_original_cos": 0.9884142927118843,
      "gaussian_weight12": 0.5494716763496399,
      "gaussian_weight2_22": 0.31377312541007996,
      "improved_cases": 6
    },
    "sigma_0.869452": {
      "count": 6,
      "original_raw_velocity_mse": 0.08469811751369141,
      "original_clean_endpoint_mse": 0.06402722816883331,
      "original_normalized_velocity_mse": 0.043207903210404054,
      "causal0_raw_velocity_mse": 0.10681897633377994,
      "causal0_clean_endpoint_mse": 0.08074940944677503,
      "causal0_normalized_velocity_mse": 0.054580113159573625,
      "causal48_raw_velocity_mse": 0.1033741440609513,
      "causal48_clean_endpoint_mse": 0.07814530125157097,
      "causal48_normalized_velocity_mse": 0.05280385708281626,
      "causal0_vs_original_cos": 0.9917586170784471,
      "causal48_vs_original_cos": 0.9925157881190504,
      "gaussian_weight12": 1.162321925163269,
      "gaussian_weight2_22": 0.6646237969398499,
      "improved_cases": 6
    },
    "sigma_0.787234": {
      "count": 6,
      "original_raw_velocity_mse": 0.08542416264811677,
      "original_clean_endpoint_mse": 0.052940555349767784,
      "original_normalized_velocity_mse": 0.04354256960768899,
      "causal0_raw_velocity_mse": 0.10792161786282387,
      "causal0_clean_endpoint_mse": 0.06688307156651152,
      "causal0_normalized_velocity_mse": 0.05505276513454979,
      "causal48_raw_velocity_mse": 0.10509096159101214,
      "causal48_clean_endpoint_mse": 0.0651288077799139,
      "causal48_normalized_velocity_mse": 0.05359169135680401,
      "causal0_vs_original_cos": 0.9920662510206741,
      "causal48_vs_original_cos": 0.9927030801541983,
      "gaussian_weight12": 1.8132445812225342,
      "gaussian_weight2_22": 1.0377910137176514,
      "improved_cases": 6
    },
    "sigma_0.689441": {
      "count": 6,
      "original_raw_velocity_mse": 0.09471395695273029,
      "original_clean_endpoint_mse": 0.0450202854899109,
      "original_normalized_velocity_mse": 0.04838657279883824,
      "causal0_raw_velocity_mse": 0.11839780333213115,
      "causal0_clean_endpoint_mse": 0.05627790326668655,
      "causal0_normalized_velocity_mse": 0.060464012112846105,
      "causal48_raw_velocity_mse": 0.11580364038102489,
      "causal48_clean_endpoint_mse": 0.055044822521000444,
      "causal48_normalized_velocity_mse": 0.059134768387728125,
      "causal0_vs_original_cos": 0.991896404122498,
      "causal48_vs_original_cos": 0.9924780968602994,
      "gaussian_weight12": 2.439732789993286,
      "gaussian_weight2_22": 1.3940373659133911,
      "improved_cases": 6
    },
    "sigma_0.571184": {
      "count": 6,
      "original_raw_velocity_mse": 0.11589989674637088,
      "original_clean_endpoint_mse": 0.03781241410380884,
      "original_normalized_velocity_mse": 0.059337541527225854,
      "causal0_raw_velocity_mse": 0.14093891233205108,
      "causal0_clean_endpoint_mse": 0.045981408664255756,
      "causal0_normalized_velocity_mse": 0.07212439140099557,
      "causal48_raw_velocity_mse": 0.13835539092844662,
      "causal48_clean_endpoint_mse": 0.04513853318376312,
      "causal48_normalized_velocity_mse": 0.07080183315943106,
      "causal0_vs_original_cos": 0.9911255525865432,
      "causal48_vs_original_cos": 0.9917309263810867,
      "gaussian_weight12": 2.883328676223755,
      "gaussian_weight2_22": 1.6484893560409546,
      "improved_cases": 6
    },
    "sigma_0.425287": {
      "count": 6,
      "original_raw_velocity_mse": 0.1577466226362025,
      "original_clean_endpoint_mse": 0.028531522334023927,
      "original_normalized_velocity_mse": 0.08095911797427965,
      "causal0_raw_velocity_mse": 0.1867825484626104,
      "causal0_clean_endpoint_mse": 0.03378323011933592,
      "causal0_normalized_velocity_mse": 0.09584603383833636,
      "causal48_raw_velocity_mse": 0.18397720650441762,
      "causal48_clean_endpoint_mse": 0.033275829863171055,
      "causal48_normalized_velocity_mse": 0.0944137532211284,
      "causal0_vs_original_cos": 0.9894311807238254,
      "causal48_vs_original_cos": 0.9901425578956479,
      "gaussian_weight12": 2.8753409385681152,
      "gaussian_weight2_22": 1.6441084146499634,
      "improved_cases": 6
    },
    "sigma_0.240781": {
      "count": 6,
      "original_raw_velocity_mse": 0.24413253155978243,
      "original_clean_endpoint_mse": 0.01415369126416587,
      "original_normalized_velocity_mse": 0.12567086609065786,
      "causal0_raw_velocity_mse": 0.2813361887618409,
      "causal0_clean_endpoint_mse": 0.01631058971015135,
      "causal0_normalized_velocity_mse": 0.14487598101476942,
      "causal48_raw_velocity_mse": 0.27791820386467964,
      "causal48_clean_endpoint_mse": 0.016112430527223467,
      "causal48_normalized_velocity_mse": 0.14311596340636729,
      "causal0_vs_original_cos": 0.9859136045613445,
      "causal48_vs_original_cos": 0.9867880539388263,
      "gaussian_weight12": 2.0262537002563477,
      "gaussian_weight2_22": 1.1511422395706177,
      "improved_cases": 6
    },
    "sigma_0.071108": {
      "count": 6,
      "original_raw_velocity_mse": 0.5149123301658339,
      "original_clean_endpoint_mse": 0.002603595437174553,
      "original_normalized_velocity_mse": 0.2660861402524914,
      "causal0_raw_velocity_mse": 0.5752791907376049,
      "causal0_clean_endpoint_mse": 0.0029088335787638146,
      "causal0_normalized_velocity_mse": 0.29725106785306604,
      "causal48_raw_velocity_mse": 0.569518897280147,
      "causal48_clean_endpoint_mse": 0.002879707312244243,
      "causal48_normalized_velocity_mse": 0.2942815518059977,
      "causal0_vs_original_cos": 0.9745287636678363,
      "causal48_vs_original_cos": 0.9761631731918854,
      "gaussian_weight12": 0.6124377846717834,
      "gaussian_weight2_22": 0.3648237884044647,
      "improved_cases": 6
    },
    "chunk_0": {
      "count": 18,
      "original_raw_velocity_mse": 0.17383223586255075,
      "original_clean_endpoint_mse": 0.06377248863594359,
      "original_normalized_velocity_mse": 0.08450913799212044,
      "causal0_raw_velocity_mse": 0.2152519833912357,
      "causal0_clean_endpoint_mse": 0.08417935680063059,
      "causal0_normalized_velocity_mse": 0.10463160638766263,
      "causal48_raw_velocity_mse": 0.21300184991976806,
      "causal48_clean_endpoint_mse": 0.08453303974673217,
      "causal48_normalized_velocity_mse": 0.10352135427323121,
      "causal0_vs_original_cos": 0.986501277024801,
      "causal48_vs_original_cos": 0.987411439601256,
      "gaussian_weight12": 1.5957924524943035,
      "gaussian_weight2_22": 0.9131987889607748,
      "improved_cases": 16
    },
    "chunk_1": {
      "count": 18,
      "original_raw_velocity_mse": 0.19408453835304731,
      "original_clean_endpoint_mse": 0.06198650187885982,
      "original_normalized_velocity_mse": 0.09779515707025963,
      "causal0_raw_velocity_mse": 0.23905552805273428,
      "causal0_clean_endpoint_mse": 0.0898883128259314,
      "causal0_normalized_velocity_mse": 0.12054296601262801,
      "causal48_raw_velocity_mse": 0.2357267550623565,
      "causal48_clean_endpoint_mse": 0.0877371735282313,
      "causal48_normalized_velocity_mse": 0.1188503171443027,
      "causal0_vs_original_cos": 0.9857301566981541,
      "causal48_vs_original_cos": 0.9864025578850677,
      "gaussian_weight12": 1.5957924524943035,
      "gaussian_weight2_22": 0.9131987889607748,
      "improved_cases": 18
    },
    "chunk_2": {
      "count": 18,
      "original_raw_velocity_mse": 0.1523611353940062,
      "original_clean_endpoint_mse": 0.03980430091863746,
      "original_normalized_velocity_mse": 0.0845689923941592,
      "causal0_raw_velocity_mse": 0.18740382241850462,
      "causal0_clean_endpoint_mse": 0.05764509291994503,
      "causal0_normalized_velocity_mse": 0.10407505273387428,
      "causal48_raw_velocity_mse": 0.1835506621205965,
      "causal48_clean_endpoint_mse": 0.0556895873277735,
      "causal48_normalized_velocity_mse": 0.10193548286858775,
      "causal0_vs_original_cos": 0.9859331570073323,
      "causal48_vs_original_cos": 0.9868275261943519,
      "gaussian_weight12": 1.5957924524943035,
      "gaussian_weight2_22": 0.9131987889607748,
      "improved_cases": 18
    }
  }
}
