[preflight] diffsynth resolved from the v2 checkout: ok /home/lpeng/code/mq_PubDataset/GWM/H3-World/outputs/2026-10-08-18/stage1_real_abot_fm/runtime/DiffSynth-Studio-h3-v2/diffsynth/models/minimax_h3_dit.py
[preflight] directed attention mask present: ok 
[preflight] packed-sequence builder is the per-latent version: ok 
┌──────────────────────────────────────────────────────────────────────┐
│ DiffSynth-Studio Model Downloader Configuration:                     │
│                                                                      │
│ [ ] Download from https://modelscope.cn/                             │
│     (default behavior)                                               │
│ [ ] Download from https://modelscope.ai/                             │
│     (enabled via `export MODELSCOPE_ENDPOINT=https://modelscope.ai`) │
│ [ ] Download from https://huggingface.co/                            │
│     (enabled via `export DIFFSYNTH_DOWNLOAD_SOURCE=HuggingFace`)     │
│ [√] Skip download and load only pre-downloaded model files           │
│     (enabled via `export DIFFSYNTH_SKIP_DOWNLOAD=True`)              │
└──────────────────────────────────────────────────────────────────────┘
Loading models from: [
    "/home/lpeng/code/mq_PubDataset/GWM/H3-World/outputs/2026-10-08-18/stage1_real_abot_fm/runtime/DiffSynth-Studio-h3-v2/models/MiniMax/MiniMax-H3/FL2VA/text_encoder/model-00006-of-00014.safetensors",
    "/home/lpeng/code/mq_PubDataset/GWM/H3-World/outputs/2026-10-08-18/stage1_real_abot_fm/runtime/DiffSynth-Studio-h3-v2/models/MiniMax/MiniMax-H3/FL2VA/text_encoder/model-00007-of-00014.safetensors",
    "/home/lpeng/code/mq_PubDataset/GWM/H3-World/outputs/2026-10-08-18/stage1_real_abot_fm/runtime/DiffSynth-Studio-h3-v2/models/MiniMax/MiniMax-H3/FL2VA/text_encoder/model-00003-of-00014.safetensors",
    "/home/lpeng/code/mq_PubDataset/GWM/H3-World/outputs/2026-10-08-18/stage1_real_abot_fm/runtime/DiffSynth-Studio-h3-v2/models/MiniMax/MiniMax-H3/FL2VA/text_encoder/model-00004-of-00014.safetensors",
    "/home/lpeng/code/mq_PubDataset/GWM/H3-World/outputs/2026-10-08-18/stage1_real_abot_fm/runtime/DiffSynth-Studio-h3-v2/models/MiniMax/MiniMax-H3/FL2VA/text_encoder/model-00011-of-00014.safetensors",
    "/home/lpeng/code/mq_PubDataset/GWM/H3-World/outputs/2026-10-08-18/stage1_real_abot_fm/runtime/DiffSynth-Studio-h3-v2/models/MiniMax/MiniMax-H3/FL2VA/text_encoder/model-00010-of-00014.safetensors",
    "/home/lpeng/code/mq_PubDataset/GWM/H3-World/outputs/2026-10-08-18/stage1_real_abot_fm/runtime/DiffSynth-Studio-h3-v2/models/MiniMax/MiniMax-H3/FL2VA/text_encoder/model-00013-of-00014.safetensors",
    "/home/lpeng/code/mq_PubDataset/GWM/H3-World/outputs/2026-10-08-18/stage1_real_abot_fm/runtime/DiffSynth-Studio-h3-v2/models/MiniMax/MiniMax-H3/FL2VA/text_encoder/model-00005-of-00014.safetensors",
    "/home/lpeng/code/mq_PubDataset/GWM/H3-World/outputs/2026-10-08-18/stage1_real_abot_fm/runtime/DiffSynth-Studio-h3-v2/models/MiniMax/MiniMax-H3/FL2VA/text_encoder/model-00012-of-00014.safetensors",
    "/home/lpeng/code/mq_PubDataset/GWM/H3-World/outputs/2026-10-08-18/stage1_real_abot_fm/runtime/DiffSynth-Studio-h3-v2/models/MiniMax/MiniMax-H3/FL2VA/text_encoder/model-00008-of-00014.safetensors",
    "/home/lpeng/code/mq_PubDataset/GWM/H3-World/outputs/2026-10-08-18/stage1_real_abot_fm/runtime/DiffSynth-Studio-h3-v2/models/MiniMax/MiniMax-H3/FL2VA/text_encoder/model-00002-of-00014.safetensors",
    "/home/lpeng/code/mq_PubDataset/GWM/H3-World/outputs/2026-10-08-18/stage1_real_abot_fm/runtime/DiffSynth-Studio-h3-v2/models/MiniMax/MiniMax-H3/FL2VA/text_encoder/model-00009-of-00014.safetensors",
    "/home/lpeng/code/mq_PubDataset/GWM/H3-World/outputs/2026-10-08-18/stage1_real_abot_fm/runtime/DiffSynth-Studio-h3-v2/models/MiniMax/MiniMax-H3/FL2VA/text_encoder/model-00001-of-00014.safetensors",
    "/home/lpeng/code/mq_PubDataset/GWM/H3-World/outputs/2026-10-08-18/stage1_real_abot_fm/runtime/DiffSynth-Studio-h3-v2/models/MiniMax/MiniMax-H3/FL2VA/text_encoder/model-00014-of-00014.safetensors"
]
Loaded model: {
    "model_name": "minimax_h3_text_encoder",
    "model_class": "diffsynth.models.minimax_h3_text_encoder.MiniMaxH3TextEncoder",
    "extra_kwargs": null
}
Loading models from: [
    "/home/lpeng/code/mq_PubDataset/GWM/H3-World/outputs/2026-10-08-18/stage1_real_abot_fm/runtime/DiffSynth-Studio-h3-v2/models/MiniMax/MiniMax-H3/FL2VA/transformer/model-00013-of-00013.safetensors",
    "/home/lpeng/code/mq_PubDataset/GWM/H3-World/outputs/2026-10-08-18/stage1_real_abot_fm/runtime/DiffSynth-Studio-h3-v2/models/MiniMax/MiniMax-H3/FL2VA/transformer/model-00011-of-00013.safetensors",
    "/home/lpeng/code/mq_PubDataset/GWM/H3-World/outputs/2026-10-08-18/stage1_real_abot_fm/runtime/DiffSynth-Studio-h3-v2/models/MiniMax/MiniMax-H3/FL2VA/transformer/model-00012-of-00013.safetensors",
    "/home/lpeng/code/mq_PubDataset/GWM/H3-World/outputs/2026-10-08-18/stage1_real_abot_fm/runtime/DiffSynth-Studio-h3-v2/models/MiniMax/MiniMax-H3/FL2VA/transformer/model-00008-of-00013.safetensors",
    "/home/lpeng/code/mq_PubDataset/GWM/H3-World/outputs/2026-10-08-18/stage1_real_abot_fm/runtime/DiffSynth-Studio-h3-v2/models/MiniMax/MiniMax-H3/FL2VA/transformer/model-00002-of-00013.safetensors",
    "/home/lpeng/code/mq_PubDataset/GWM/H3-World/outputs/2026-10-08-18/stage1_real_abot_fm/runtime/DiffSynth-Studio-h3-v2/models/MiniMax/MiniMax-H3/FL2VA/transformer/model-00009-of-00013.safetensors",
    "/home/lpeng/code/mq_PubDataset/GWM/H3-World/outputs/2026-10-08-18/stage1_real_abot_fm/runtime/DiffSynth-Studio-h3-v2/models/MiniMax/MiniMax-H3/FL2VA/transformer/model-00006-of-00013.safetensors",
    "/home/lpeng/code/mq_PubDataset/GWM/H3-World/outputs/2026-10-08-18/stage1_real_abot_fm/runtime/DiffSynth-Studio-h3-v2/models/MiniMax/MiniMax-H3/FL2VA/transformer/model-00007-of-00013.safetensors",
    "/home/lpeng/code/mq_PubDataset/GWM/H3-World/outputs/2026-10-08-18/stage1_real_abot_fm/runtime/DiffSynth-Studio-h3-v2/models/MiniMax/MiniMax-H3/FL2VA/transformer/model-00003-of-00013.safetensors",
    "/home/lpeng/code/mq_PubDataset/GWM/H3-World/outputs/2026-10-08-18/stage1_real_abot_fm/runtime/DiffSynth-Studio-h3-v2/models/MiniMax/MiniMax-H3/FL2VA/transformer/model-00001-of-00013.safetensors",
    "/home/lpeng/code/mq_PubDataset/GWM/H3-World/outputs/2026-10-08-18/stage1_real_abot_fm/runtime/DiffSynth-Studio-h3-v2/models/MiniMax/MiniMax-H3/FL2VA/transformer/model-00010-of-00013.safetensors",
    "/home/lpeng/code/mq_PubDataset/GWM/H3-World/outputs/2026-10-08-18/stage1_real_abot_fm/runtime/DiffSynth-Studio-h3-v2/models/MiniMax/MiniMax-H3/FL2VA/transformer/model-00005-of-00013.safetensors",
    "/home/lpeng/code/mq_PubDataset/GWM/H3-World/outputs/2026-10-08-18/stage1_real_abot_fm/runtime/DiffSynth-Studio-h3-v2/models/MiniMax/MiniMax-H3/FL2VA/transformer/model-00004-of-00013.safetensors"
]
Loaded model: {
    "model_name": "minimax_h3_dit",
    "model_class": "diffsynth.models.minimax_h3_dit.MiniMaxH3DiT",
    "extra_kwargs": null
}
Loading models from: "/home/lpeng/code/mq_PubDataset/GWM/H3-World/outputs/2026-10-08-18/stage1_real_abot_fm/runtime/DiffSynth-Studio-h3-v2/models/MiniMax/MiniMax-H3/FL2VA/video_vae/source/model.safetensors"
Loaded model: {
    "model_name": "minimax_h3_video_vae",
    "model_class": "diffsynth.models.minimax_h3_video_vae.MiniMaxH3VideoVAE",
    "extra_kwargs": null
}
Loading models from: "/home/lpeng/code/mq_PubDataset/GWM/H3-World/outputs/2026-10-08-18/stage1_real_abot_fm/runtime/DiffSynth-Studio-h3-v2/models/MiniMax/MiniMax-H3/FL2VA/audio_vae/model.safetensors"
Loaded model: {
    "model_name": "minimax_h3_audio_vae",
    "model_class": "diffsynth.models.minimax_h3_audio_vae.MiniMaxH3AudioVAE",
    "extra_kwargs": null
}
Using minimax_h3_text_encoder from [
    "/home/lpeng/code/mq_PubDataset/GWM/H3-World/outputs/2026-10-08-18/stage1_real_abot_fm/runtime/DiffSynth-Studio-h3-v2/models/MiniMax/MiniMax-H3/FL2VA/text_encoder/model-00006-of-00014.safetensors",
    "/home/lpeng/code/mq_PubDataset/GWM/H3-World/outputs/2026-10-08-18/stage1_real_abot_fm/runtime/DiffSynth-Studio-h3-v2/models/MiniMax/MiniMax-H3/FL2VA/text_encoder/model-00007-of-00014.safetensors",
    "/home/lpeng/code/mq_PubDataset/GWM/H3-World/outputs/2026-10-08-18/stage1_real_abot_fm/runtime/DiffSynth-Studio-h3-v2/models/MiniMax/MiniMax-H3/FL2VA/text_encoder/model-00003-of-00014.safetensors",
    "/home/lpeng/code/mq_PubDataset/GWM/H3-World/outputs/2026-10-08-18/stage1_real_abot_fm/runtime/DiffSynth-Studio-h3-v2/models/MiniMax/MiniMax-H3/FL2VA/text_encoder/model-00004-of-00014.safetensors",
    "/home/lpeng/code/mq_PubDataset/GWM/H3-World/outputs/2026-10-08-18/stage1_real_abot_fm/runtime/DiffSynth-Studio-h3-v2/models/MiniMax/MiniMax-H3/FL2VA/text_encoder/model-00011-of-00014.safetensors",
    "/home/lpeng/code/mq_PubDataset/GWM/H3-World/outputs/2026-10-08-18/stage1_real_abot_fm/runtime/DiffSynth-Studio-h3-v2/models/MiniMax/MiniMax-H3/FL2VA/text_encoder/model-00010-of-00014.safetensors",
    "/home/lpeng/code/mq_PubDataset/GWM/H3-World/outputs/2026-10-08-18/stage1_real_abot_fm/runtime/DiffSynth-Studio-h3-v2/models/MiniMax/MiniMax-H3/FL2VA/text_encoder/model-00013-of-00014.safetensors",
    "/home/lpeng/code/mq_PubDataset/GWM/H3-World/outputs/2026-10-08-18/stage1_real_abot_fm/runtime/DiffSynth-Studio-h3-v2/models/MiniMax/MiniMax-H3/FL2VA/text_encoder/model-00005-of-00014.safetensors",
    "/home/lpeng/code/mq_PubDataset/GWM/H3-World/outputs/2026-10-08-18/stage1_real_abot_fm/runtime/DiffSynth-Studio-h3-v2/models/MiniMax/MiniMax-H3/FL2VA/text_encoder/model-00012-of-00014.safetensors",
    "/home/lpeng/code/mq_PubDataset/GWM/H3-World/outputs/2026-10-08-18/stage1_real_abot_fm/runtime/DiffSynth-Studio-h3-v2/models/MiniMax/MiniMax-H3/FL2VA/text_encoder/model-00008-of-00014.safetensors",
    "/home/lpeng/code/mq_PubDataset/GWM/H3-World/outputs/2026-10-08-18/stage1_real_abot_fm/runtime/DiffSynth-Studio-h3-v2/models/MiniMax/MiniMax-H3/FL2VA/text_encoder/model-00002-of-00014.safetensors",
    "/home/lpeng/code/mq_PubDataset/GWM/H3-World/outputs/2026-10-08-18/stage1_real_abot_fm/runtime/DiffSynth-Studio-h3-v2/models/MiniMax/MiniMax-H3/FL2VA/text_encoder/model-00009-of-00014.safetensors",
    "/home/lpeng/code/mq_PubDataset/GWM/H3-World/outputs/2026-10-08-18/stage1_real_abot_fm/runtime/DiffSynth-Studio-h3-v2/models/MiniMax/MiniMax-H3/FL2VA/text_encoder/model-00001-of-00014.safetensors",
    "/home/lpeng/code/mq_PubDataset/GWM/H3-World/outputs/2026-10-08-18/stage1_real_abot_fm/runtime/DiffSynth-Studio-h3-v2/models/MiniMax/MiniMax-H3/FL2VA/text_encoder/model-00014-of-00014.safetensors"
].
Using minimax_h3_dit from [
    "/home/lpeng/code/mq_PubDataset/GWM/H3-World/outputs/2026-10-08-18/stage1_real_abot_fm/runtime/DiffSynth-Studio-h3-v2/models/MiniMax/MiniMax-H3/FL2VA/transformer/model-00013-of-00013.safetensors",
    "/home/lpeng/code/mq_PubDataset/GWM/H3-World/outputs/2026-10-08-18/stage1_real_abot_fm/runtime/DiffSynth-Studio-h3-v2/models/MiniMax/MiniMax-H3/FL2VA/transformer/model-00011-of-00013.safetensors",
    "/home/lpeng/code/mq_PubDataset/GWM/H3-World/outputs/2026-10-08-18/stage1_real_abot_fm/runtime/DiffSynth-Studio-h3-v2/models/MiniMax/MiniMax-H3/FL2VA/transformer/model-00012-of-00013.safetensors",
    "/home/lpeng/code/mq_PubDataset/GWM/H3-World/outputs/2026-10-08-18/stage1_real_abot_fm/runtime/DiffSynth-Studio-h3-v2/models/MiniMax/MiniMax-H3/FL2VA/transformer/model-00008-of-00013.safetensors",
    "/home/lpeng/code/mq_PubDataset/GWM/H3-World/outputs/2026-10-08-18/stage1_real_abot_fm/runtime/DiffSynth-Studio-h3-v2/models/MiniMax/MiniMax-H3/FL2VA/transformer/model-00002-of-00013.safetensors",
    "/home/lpeng/code/mq_PubDataset/GWM/H3-World/outputs/2026-10-08-18/stage1_real_abot_fm/runtime/DiffSynth-Studio-h3-v2/models/MiniMax/MiniMax-H3/FL2VA/transformer/model-00009-of-00013.safetensors",
    "/home/lpeng/code/mq_PubDataset/GWM/H3-World/outputs/2026-10-08-18/stage1_real_abot_fm/runtime/DiffSynth-Studio-h3-v2/models/MiniMax/MiniMax-H3/FL2VA/transformer/model-00006-of-00013.safetensors",
    "/home/lpeng/code/mq_PubDataset/GWM/H3-World/outputs/2026-10-08-18/stage1_real_abot_fm/runtime/DiffSynth-Studio-h3-v2/models/MiniMax/MiniMax-H3/FL2VA/transformer/model-00007-of-00013.safetensors",
    "/home/lpeng/code/mq_PubDataset/GWM/H3-World/outputs/2026-10-08-18/stage1_real_abot_fm/runtime/DiffSynth-Studio-h3-v2/models/MiniMax/MiniMax-H3/FL2VA/transformer/model-00003-of-00013.safetensors",
    "/home/lpeng/code/mq_PubDataset/GWM/H3-World/outputs/2026-10-08-18/stage1_real_abot_fm/runtime/DiffSynth-Studio-h3-v2/models/MiniMax/MiniMax-H3/FL2VA/transformer/model-00001-of-00013.safetensors",
    "/home/lpeng/code/mq_PubDataset/GWM/H3-World/outputs/2026-10-08-18/stage1_real_abot_fm/runtime/DiffSynth-Studio-h3-v2/models/MiniMax/MiniMax-H3/FL2VA/transformer/model-00010-of-00013.safetensors",
    "/home/lpeng/code/mq_PubDataset/GWM/H3-World/outputs/2026-10-08-18/stage1_real_abot_fm/runtime/DiffSynth-Studio-h3-v2/models/MiniMax/MiniMax-H3/FL2VA/transformer/model-00005-of-00013.safetensors",
    "/home/lpeng/code/mq_PubDataset/GWM/H3-World/outputs/2026-10-08-18/stage1_real_abot_fm/runtime/DiffSynth-Studio-h3-v2/models/MiniMax/MiniMax-H3/FL2VA/transformer/model-00004-of-00013.safetensors"
].
Using minimax_h3_video_vae from "/home/lpeng/code/mq_PubDataset/GWM/H3-World/outputs/2026-10-08-18/stage1_real_abot_fm/runtime/DiffSynth-Studio-h3-v2/models/MiniMax/MiniMax-H3/FL2VA/video_vae/source/model.safetensors".
Using minimax_h3_audio_vae from "/home/lpeng/code/mq_PubDataset/GWM/H3-World/outputs/2026-10-08-18/stage1_real_abot_fm/runtime/DiffSynth-Studio-h3-v2/models/MiniMax/MiniMax-H3/FL2VA/audio_vae/model.safetensors".
104 tensors are patched by LoRA. You can use `pipe.clear_lora()` to clear all LoRA layers.
{"clip": "118eb5d8b75e1b8ac23a4e9ae77af9a9_A_1140", "chunk": 0, "sigma": 1.0, "mse": {"causal": 0.28307720659731334, "original": 0.25659348397495746}}
{"clip": "118eb5d8b75e1b8ac23a4e9ae77af9a9_A_1140", "chunk": 0, "sigma": 0.9395404663085938, "mse": {"causal": 0.09686527561216433, "original": 0.06877868668779089}}
{"clip": "118eb5d8b75e1b8ac23a4e9ae77af9a9_A_1140", "chunk": 0, "sigma": 0.8694517211914062, "mse": {"causal": 0.09148701442911131, "original": 0.06798142515102532}}
{"clip": "118eb5d8b75e1b8ac23a4e9ae77af9a9_A_1140", "chunk": 0, "sigma": 0.7872340698242187, "mse": {"causal": 0.0956037602029304, "original": 0.06889391965777253}}
{"clip": "118eb5d8b75e1b8ac23a4e9ae77af9a9_A_1140", "chunk": 0, "sigma": 0.6894410400390625, "mse": {"causal": 0.1070815694302024, "original": 0.0773408094661966}}
{"clip": "118eb5d8b75e1b8ac23a4e9ae77af9a9_A_1140", "chunk": 0, "sigma": 0.5711835327148438, "mse": {"causal": 0.12804393452031604, "original": 0.09796108212177698}}
{"clip": "118eb5d8b75e1b8ac23a4e9ae77af9a9_A_1140", "chunk": 0, "sigma": 0.4252873229980469, "mse": {"causal": 0.1742218692012585, "original": 0.13499980491592004}}
{"clip": "118eb5d8b75e1b8ac23a4e9ae77af9a9_A_1140", "chunk": 0, "sigma": 0.24078089904785155, "mse": {"causal": 0.2596370509939305, "original": 0.21180534389073766}}
{"clip": "118eb5d8b75e1b8ac23a4e9ae77af9a9_A_1140", "chunk": 0, "sigma": 0.07110826873779297, "mse": {"causal": 0.5225741206386886, "original": 0.44486351420236336}}
{"clip": "118eb5d8b75e1b8ac23a4e9ae77af9a9_A_1140", "chunk": 1, "sigma": 1.0, "mse": {"causal": 0.31484707337176787, "original": 0.12055622749404878}}
{"clip": "118eb5d8b75e1b8ac23a4e9ae77af9a9_A_1140", "chunk": 1, "sigma": 0.9395404663085938, "mse": {"causal": 0.14644543298937204, "original": 0.1291894329949637}}
{"clip": "118eb5d8b75e1b8ac23a4e9ae77af9a9_A_1140", "chunk": 1, "sigma": 0.8694517211914062, "mse": {"causal": 0.1042703645741542, "original": 0.07743102261526469}}
{"clip": "118eb5d8b75e1b8ac23a4e9ae77af9a9_A_1140", "chunk": 1, "sigma": 0.7872340698242187, "mse": {"causal": 0.1078670000870356, "original": 0.0847235167665228}}
{"clip": "118eb5d8b75e1b8ac23a4e9ae77af9a9_A_1140", "chunk": 1, "sigma": 0.6894410400390625, "mse": {"causal": 0.1220578657115658, "original": 0.09903580920212482}}
{"clip": "118eb5d8b75e1b8ac23a4e9ae77af9a9_A_1140", "chunk": 1, "sigma": 0.5711835327148438, "mse": {"causal": 0.1492434529419085, "original": 0.12446412757443999}}
{"clip": "118eb5d8b75e1b8ac23a4e9ae77af9a9_A_1140", "chunk": 1, "sigma": 0.4252873229980469, "mse": {"causal": 0.20175134765211433, "original": 0.1727818088610362}}
{"clip": "118eb5d8b75e1b8ac23a4e9ae77af9a9_A_1140", "chunk": 1, "sigma": 0.24078089904785155, "mse": {"causal": 0.3072807818689973, "original": 0.2671481985188889}}
{"clip": "118eb5d8b75e1b8ac23a4e9ae77af9a9_A_1140", "chunk": 1, "sigma": 0.07110826873779297, "mse": {"causal": 0.5896505583403553, "original": 0.536462938001111}}
{"clip": "118eb5d8b75e1b8ac23a4e9ae77af9a9_A_1140", "chunk": 2, "sigma": 1.0, "mse": {"causal": 0.1899240256200192, "original": 0.062021369259156196}}
{"clip": "118eb5d8b75e1b8ac23a4e9ae77af9a9_A_1140", "chunk": 2, "sigma": 0.9395404663085938, "mse": {"causal": 0.11620507479018471, "original": 0.05777510146236496}}
{"clip": "118eb5d8b75e1b8ac23a4e9ae77af9a9_A_1140", "chunk": 2, "sigma": 0.8694517211914062, "mse": {"causal": 0.07077894838598561, "original": 0.053309671316445366}}
{"clip": "118eb5d8b75e1b8ac23a4e9ae77af9a9_A_1140", "chunk": 2, "sigma": 0.7872340698242187, "mse": {"causal": 0.07385662574379101, "original": 0.05775103241767939}}
{"clip": "118eb5d8b75e1b8ac23a4e9ae77af9a9_A_1140", "chunk": 2, "sigma": 0.6894410400390625, "mse": {"causal": 0.086349650826567, "original": 0.07023956132887502}}
{"clip": "118eb5d8b75e1b8ac23a4e9ae77af9a9_A_1140", "chunk": 2, "sigma": 0.5711835327148438, "mse": {"causal": 0.1115574732746514, "original": 0.09315478187729882}}
{"clip": "118eb5d8b75e1b8ac23a4e9ae77af9a9_A_1140", "chunk": 2, "sigma": 0.4252873229980469, "mse": {"causal": 0.16063447786726992, "original": 0.13786387331335515}}
{"clip": "118eb5d8b75e1b8ac23a4e9ae77af9a9_A_1140", "chunk": 2, "sigma": 0.24078089904785155, "mse": {"causal": 0.26701400957963495, "original": 0.23146609469464494}}
{"clip": "118eb5d8b75e1b8ac23a4e9ae77af9a9_A_1140", "chunk": 2, "sigma": 0.07110826873779297, "mse": {"causal": 0.6053756991863593, "original": 0.5381638698653274}}
{"clip": "dfec8ed3237860eba14d67c089ecd041_D_1750", "chunk": 0, "sigma": 1.0, "mse": {"causal": 0.40695322638485154, "original": 0.2432777005387317}}
{"clip": "dfec8ed3237860eba14d67c089ecd041_D_1750", "chunk": 0, "sigma": 0.9395404663085938, "mse": {"causal": 0.13633584716751215, "original": 0.11204394631387338}}
{"clip": "dfec8ed3237860eba14d67c089ecd041_D_1750", "chunk": 0, "sigma": 0.8694517211914062, "mse": {"causal": 0.12550686616567838, "original": 0.1014824468027956}}
{"clip": "dfec8ed3237860eba14d67c089ecd041_D_1750", "chunk": 0, "sigma": 0.7872340698242187, "mse": {"causal": 0.13156320287936293, "original": 0.10591745694279166}}
{"clip": "dfec8ed3237860eba14d67c089ecd041_D_1750", "chunk": 0, "sigma": 0.6894410400390625, "mse": {"causal": 0.1402106345482353, "original": 0.11283889564614459}}
{"clip": "dfec8ed3237860eba14d67c089ecd041_D_1750", "chunk": 0, "sigma": 0.5711835327148438, "mse": {"causal": 0.15896510212868975, "original": 0.1326334591576678}}
{"clip": "dfec8ed3237860eba14d67c089ecd041_D_1750", "chunk": 0, "sigma": 0.4252873229980469, "mse": {"causal": 0.1964048779950604, "original": 0.17066187516367798}}
{"clip": "dfec8ed3237860eba14d67c089ecd041_D_1750", "chunk": 0, "sigma": 0.24078089904785155, "mse": {"causal": 0.27334394730730494, "original": 0.2434609338860851}}
{"clip": "dfec8ed3237860eba14d67c089ecd041_D_1750", "chunk": 0, "sigma": 0.07110826873779297, "mse": {"causal": 0.5466601948396317, "original": 0.47744546100560475}}
{"clip": "dfec8ed3237860eba14d67c089ecd041_D_1750", "chunk": 1, "sigma": 1.0, "mse": {"causal": 0.317324168302756, "original": 0.17608439976444262}}
{"clip": "dfec8ed3237860eba14d67c089ecd041_D_1750", "chunk": 1, "sigma": 0.9395404663085938, "mse": {"causal": 0.17481142700325164, "original": 0.14007359617606996}}
{"clip": "dfec8ed3237860eba14d67c089ecd041_D_1750", "chunk": 1, "sigma": 0.8694517211914062, "mse": {"causal": 0.1439890781814929, "original": 0.12506315310518581}}
{"clip": "dfec8ed3237860eba14d67c089ecd041_D_1750", "chunk": 1, "sigma": 0.7872340698242187, "mse": {"causal": 0.1452372258691366, "original": 0.12237618150713478}}
{"clip": "dfec8ed3237860eba14d67c089ecd041_D_1750", "chunk": 1, "sigma": 0.6894410400390625, "mse": {"causal": 0.154827160857627, "original": 0.1280082870009222}}
{"clip": "dfec8ed3237860eba14d67c089ecd041_D_1750", "chunk": 1, "sigma": 0.5711835327148438, "mse": {"causal": 0.17818381258319238, "original": 0.14717771854437886}}
{"clip": "dfec8ed3237860eba14d67c089ecd041_D_1750", "chunk": 1, "sigma": 0.4252873229980469, "mse": {"causal": 0.22373644787878344, "original": 0.1914591743785931}}
{"clip": "dfec8ed3237860eba14d67c089ecd041_D_1750", "chunk": 1, "sigma": 0.24078089904785155, "mse": {"causal": 0.31852870424442564, "original": 0.2848876127217957}}
{"clip": "dfec8ed3237860eba14d67c089ecd041_D_1750", "chunk": 1, "sigma": 0.07110826873779297, "mse": {"causal": 0.6029476024912804, "original": 0.5665984851279275}}
{"clip": "dfec8ed3237860eba14d67c089ecd041_D_1750", "chunk": 2, "sigma": 1.0, "mse": {"causal": 0.1450957978620944, "original": 0.12236993852902776}}
{"clip": "dfec8ed3237860eba14d67c089ecd041_D_1750", "chunk": 2, "sigma": 0.9395404663085938, "mse": {"causal": 0.11806802688620172, "original": 0.09107278044107951}}
{"clip": "dfec8ed3237860eba14d67c089ecd041_D_1750", "chunk": 2, "sigma": 0.8694517211914062, "mse": {"causal": 0.10488158626625725, "original": 0.08292098609143167}}
{"clip": "dfec8ed3237860eba14d67c089ecd041_D_1750", "chunk": 2, "sigma": 0.7872340698242187, "mse": {"causal": 0.09340189239468666, "original": 0.07288286859679947}}
{"clip": "dfec8ed3237860eba14d67c089ecd041_D_1750", "chunk": 2, "sigma": 0.6894410400390625, "mse": {"causal": 0.09985993861858944, "original": 0.0808203790721185}}
{"clip": "dfec8ed3237860eba14d67c089ecd041_D_1750", "chunk": 2, "sigma": 0.5711835327148438, "mse": {"causal": 0.1196396985435484, "original": 0.10000821120266282}}
{"clip": "dfec8ed3237860eba14d67c089ecd041_D_1750", "chunk": 2, "sigma": 0.4252873229980469, "mse": {"causal": 0.16394627018117564, "original": 0.13871319918463265}}
{"clip": "dfec8ed3237860eba14d67c089ecd041_D_1750", "chunk": 2, "sigma": 0.24078089904785155, "mse": {"causal": 0.2622126385767521, "original": 0.22602700564654238}}
{"clip": "dfec8ed3237860eba14d67c089ecd041_D_1750", "chunk": 2, "sigma": 0.07110826873779297, "mse": {"causal": 0.5844669689293145, "original": 0.5259397127926694}}
