{
  "task": "EXP-014/v2",
  "scene": "s3_b784d995",
  "cpu_protocol_audit": "PASS",
  "visual_assessment": "SEPARATE",
  "old_first_39_rgb_exactly_unchanged": true,
  "old_cache_and_partial_ad_unchanged": true,
  "sampling_forwards": 30,
  "vae_decodes": 1,
  "commit_forwards": 0,
  "gpu_seconds": 159.06059021699184,
  "peak_allocated_gib": 38.177722454071045,
  "full_video": {
    "frames": 56,
    "fps": "24",
    "resolution": [
      832,
      480
    ],
    "unique_pts": 56
  },
  "new_video": {
    "frames": 17,
    "fps": "24",
    "resolution": [
      832,
      480
    ],
    "unique_pts": 17
  },
  "aa_ad_new_rgb_abs_diff_mean": 3.1878764629364014,
  "recovered_ad_video_sha256": "f2f8bf434294d3263f2a3c22b25382609f5a72dcddaa413f53e61534e831d260",
  "recovered_ad_endpoint_sha256": "6343908a0ceb459ed34c0b25c95aaa11d7a66a67b8aab81d7527901378bd2da0"
}
