{
  "task": "EXP-014/v2",
  "scene": "s1_7199292c",
  "cpu_protocol_audit": "PASS",
  "visual_assessment": "SEPARATE",
  "old_first_39_rgb_exactly_unchanged": true,
  "old_cache_and_partial_ad_unchanged": true,
  "sampling_forwards": 30,
  "vae_decodes": 1,
  "commit_forwards": 0,
  "gpu_seconds": 159.63123038799677,
  "peak_allocated_gib": 38.17759990692139,
  "full_video": {
    "frames": 56,
    "fps": "24",
    "resolution": [
      832,
      480
    ],
    "unique_pts": 56
  },
  "new_video": {
    "frames": 17,
    "fps": "24",
    "resolution": [
      832,
      480
    ],
    "unique_pts": 17
  },
  "aa_ad_new_rgb_abs_diff_mean": 24.179182052612305,
  "recovered_ad_video_sha256": "00aaf6a21eeb4ca3d41721173c6594dcaa43e3bcc2c6b2e441454b04b5a52bf1",
  "recovered_ad_endpoint_sha256": "998876385891502fe5c0135ec6abf51e03434f846e46bfcd577d884468430ebb"
}
