{
  "status": "pass",
  "meaning": "Execution, correct artifact loading, cache lifecycle and measurement output; not a quality gate",
  "boundary_gray_MAD": {
    "17": 4.214778645833333,
    "34": 4.102691806891026
  },
  "end_to_end_seconds": 374.5861011808738,
  "first_internal_chunk_seconds": 92.42973765404895,
  "chunk_seconds": [
    92.42973765404895,
    119.06254416098818,
    115.49407005822286
  ],
  "GPU_peak_allocated_MiB": 15176.4345703125,
  "CPU_raw_KV_peak_MiB": 6484.130859375,
  "noisy_forwards": 24,
  "clean_commits": 3,
  "warmup": false,
  "repeats": 1,
  "component_memory_breakdown": "not measured"
}
