[preflight] diffsynth resolved from the v2 checkout: ok /home/lpeng/code/mq_PubDataset/GWM/H3-World/outputs/2026-10-08-13/stage1_parallel_resume68_to128/training_runtime/DiffSynth-Studio-h3-v2/diffsynth/models/minimax_h3_dit.py
[preflight] directed attention mask present: ok 
[preflight] packed-sequence builder is the per-latent version: ok 
┌──────────────────────────────────────────────────────────────────────┐
│ DiffSynth-Studio Model Downloader Configuration:                     │
│                                                                      │
│ [ ] Download from https://modelscope.cn/                             │
│     (default behavior)                                               │
│ [ ] Download from https://modelscope.ai/                             │
│     (enabled via `export MODELSCOPE_ENDPOINT=https://modelscope.ai`) │
│ [ ] Download from https://huggingface.co/                            │
│     (enabled via `export DIFFSYNTH_DOWNLOAD_SOURCE=HuggingFace`)     │
│ [√] Skip download and load only pre-downloaded model files           │
│     (enabled via `export DIFFSYNTH_SKIP_DOWNLOAD=True`)              │
└──────────────────────────────────────────────────────────────────────┘
Loading models from: [
    "/home/lpeng/code/mq_PubDataset/GWM/H3-World/outputs/2026-10-08-13/stage1_parallel_resume68_to128/training_runtime/DiffSynth-Studio-h3-v2/models/MiniMax/MiniMax-H3/FL2VA/text_encoder/model-00006-of-00014.safetensors",
    "/home/lpeng/code/mq_PubDataset/GWM/H3-World/outputs/2026-10-08-13/stage1_parallel_resume68_to128/training_runtime/DiffSynth-Studio-h3-v2/models/MiniMax/MiniMax-H3/FL2VA/text_encoder/model-00007-of-00014.safetensors",
    "/home/lpeng/code/mq_PubDataset/GWM/H3-World/outputs/2026-10-08-13/stage1_parallel_resume68_to128/training_runtime/DiffSynth-Studio-h3-v2/models/MiniMax/MiniMax-H3/FL2VA/text_encoder/model-00003-of-00014.safetensors",
    "/home/lpeng/code/mq_PubDataset/GWM/H3-World/outputs/2026-10-08-13/stage1_parallel_resume68_to128/training_runtime/DiffSynth-Studio-h3-v2/models/MiniMax/MiniMax-H3/FL2VA/text_encoder/model-00004-of-00014.safetensors",
    "/home/lpeng/code/mq_PubDataset/GWM/H3-World/outputs/2026-10-08-13/stage1_parallel_resume68_to128/training_runtime/DiffSynth-Studio-h3-v2/models/MiniMax/MiniMax-H3/FL2VA/text_encoder/model-00011-of-00014.safetensors",
    "/home/lpeng/code/mq_PubDataset/GWM/H3-World/outputs/2026-10-08-13/stage1_parallel_resume68_to128/training_runtime/DiffSynth-Studio-h3-v2/models/MiniMax/MiniMax-H3/FL2VA/text_encoder/model-00010-of-00014.safetensors",
    "/home/lpeng/code/mq_PubDataset/GWM/H3-World/outputs/2026-10-08-13/stage1_parallel_resume68_to128/training_runtime/DiffSynth-Studio-h3-v2/models/MiniMax/MiniMax-H3/FL2VA/text_encoder/model-00013-of-00014.safetensors",
    "/home/lpeng/code/mq_PubDataset/GWM/H3-World/outputs/2026-10-08-13/stage1_parallel_resume68_to128/training_runtime/DiffSynth-Studio-h3-v2/models/MiniMax/MiniMax-H3/FL2VA/text_encoder/model-00005-of-00014.safetensors",
    "/home/lpeng/code/mq_PubDataset/GWM/H3-World/outputs/2026-10-08-13/stage1_parallel_resume68_to128/training_runtime/DiffSynth-Studio-h3-v2/models/MiniMax/MiniMax-H3/FL2VA/text_encoder/model-00012-of-00014.safetensors",
    "/home/lpeng/code/mq_PubDataset/GWM/H3-World/outputs/2026-10-08-13/stage1_parallel_resume68_to128/training_runtime/DiffSynth-Studio-h3-v2/models/MiniMax/MiniMax-H3/FL2VA/text_encoder/model-00008-of-00014.safetensors",
    "/home/lpeng/code/mq_PubDataset/GWM/H3-World/outputs/2026-10-08-13/stage1_parallel_resume68_to128/training_runtime/DiffSynth-Studio-h3-v2/models/MiniMax/MiniMax-H3/FL2VA/text_encoder/model-00002-of-00014.safetensors",
    "/home/lpeng/code/mq_PubDataset/GWM/H3-World/outputs/2026-10-08-13/stage1_parallel_resume68_to128/training_runtime/DiffSynth-Studio-h3-v2/models/MiniMax/MiniMax-H3/FL2VA/text_encoder/model-00009-of-00014.safetensors",
    "/home/lpeng/code/mq_PubDataset/GWM/H3-World/outputs/2026-10-08-13/stage1_parallel_resume68_to128/training_runtime/DiffSynth-Studio-h3-v2/models/MiniMax/MiniMax-H3/FL2VA/text_encoder/model-00001-of-00014.safetensors",
    "/home/lpeng/code/mq_PubDataset/GWM/H3-World/outputs/2026-10-08-13/stage1_parallel_resume68_to128/training_runtime/DiffSynth-Studio-h3-v2/models/MiniMax/MiniMax-H3/FL2VA/text_encoder/model-00014-of-00014.safetensors"
]
Loaded model: {
    "model_name": "minimax_h3_text_encoder",
    "model_class": "diffsynth.models.minimax_h3_text_encoder.MiniMaxH3TextEncoder",
    "extra_kwargs": null
}
Loading models from: [
    "/home/lpeng/code/mq_PubDataset/GWM/H3-World/outputs/2026-10-08-13/stage1_parallel_resume68_to128/training_runtime/DiffSynth-Studio-h3-v2/models/MiniMax/MiniMax-H3/FL2VA/transformer/model-00013-of-00013.safetensors",
    "/home/lpeng/code/mq_PubDataset/GWM/H3-World/outputs/2026-10-08-13/stage1_parallel_resume68_to128/training_runtime/DiffSynth-Studio-h3-v2/models/MiniMax/MiniMax-H3/FL2VA/transformer/model-00011-of-00013.safetensors",
    "/home/lpeng/code/mq_PubDataset/GWM/H3-World/outputs/2026-10-08-13/stage1_parallel_resume68_to128/training_runtime/DiffSynth-Studio-h3-v2/models/MiniMax/MiniMax-H3/FL2VA/transformer/model-00012-of-00013.safetensors",
    "/home/lpeng/code/mq_PubDataset/GWM/H3-World/outputs/2026-10-08-13/stage1_parallel_resume68_to128/training_runtime/DiffSynth-Studio-h3-v2/models/MiniMax/MiniMax-H3/FL2VA/transformer/model-00008-of-00013.safetensors",
    "/home/lpeng/code/mq_PubDataset/GWM/H3-World/outputs/2026-10-08-13/stage1_parallel_resume68_to128/training_runtime/DiffSynth-Studio-h3-v2/models/MiniMax/MiniMax-H3/FL2VA/transformer/model-00002-of-00013.safetensors",
    "/home/lpeng/code/mq_PubDataset/GWM/H3-World/outputs/2026-10-08-13/stage1_parallel_resume68_to128/training_runtime/DiffSynth-Studio-h3-v2/models/MiniMax/MiniMax-H3/FL2VA/transformer/model-00009-of-00013.safetensors",
    "/home/lpeng/code/mq_PubDataset/GWM/H3-World/outputs/2026-10-08-13/stage1_parallel_resume68_to128/training_runtime/DiffSynth-Studio-h3-v2/models/MiniMax/MiniMax-H3/FL2VA/transformer/model-00006-of-00013.safetensors",
    "/home/lpeng/code/mq_PubDataset/GWM/H3-World/outputs/2026-10-08-13/stage1_parallel_resume68_to128/training_runtime/DiffSynth-Studio-h3-v2/models/MiniMax/MiniMax-H3/FL2VA/transformer/model-00007-of-00013.safetensors",
    "/home/lpeng/code/mq_PubDataset/GWM/H3-World/outputs/2026-10-08-13/stage1_parallel_resume68_to128/training_runtime/DiffSynth-Studio-h3-v2/models/MiniMax/MiniMax-H3/FL2VA/transformer/model-00003-of-00013.safetensors",
    "/home/lpeng/code/mq_PubDataset/GWM/H3-World/outputs/2026-10-08-13/stage1_parallel_resume68_to128/training_runtime/DiffSynth-Studio-h3-v2/models/MiniMax/MiniMax-H3/FL2VA/transformer/model-00001-of-00013.safetensors",
    "/home/lpeng/code/mq_PubDataset/GWM/H3-World/outputs/2026-10-08-13/stage1_parallel_resume68_to128/training_runtime/DiffSynth-Studio-h3-v2/models/MiniMax/MiniMax-H3/FL2VA/transformer/model-00010-of-00013.safetensors",
    "/home/lpeng/code/mq_PubDataset/GWM/H3-World/outputs/2026-10-08-13/stage1_parallel_resume68_to128/training_runtime/DiffSynth-Studio-h3-v2/models/MiniMax/MiniMax-H3/FL2VA/transformer/model-00005-of-00013.safetensors",
    "/home/lpeng/code/mq_PubDataset/GWM/H3-World/outputs/2026-10-08-13/stage1_parallel_resume68_to128/training_runtime/DiffSynth-Studio-h3-v2/models/MiniMax/MiniMax-H3/FL2VA/transformer/model-00004-of-00013.safetensors"
]
Loaded model: {
    "model_name": "minimax_h3_dit",
    "model_class": "diffsynth.models.minimax_h3_dit.MiniMaxH3DiT",
    "extra_kwargs": null
}
Loading models from: "/home/lpeng/code/mq_PubDataset/GWM/H3-World/outputs/2026-10-08-13/stage1_parallel_resume68_to128/training_runtime/DiffSynth-Studio-h3-v2/models/MiniMax/MiniMax-H3/FL2VA/video_vae/source/model.safetensors"
Loaded model: {
    "model_name": "minimax_h3_video_vae",
    "model_class": "diffsynth.models.minimax_h3_video_vae.MiniMaxH3VideoVAE",
    "extra_kwargs": null
}
Loading models from: "/home/lpeng/code/mq_PubDataset/GWM/H3-World/outputs/2026-10-08-13/stage1_parallel_resume68_to128/training_runtime/DiffSynth-Studio-h3-v2/models/MiniMax/MiniMax-H3/FL2VA/audio_vae/model.safetensors"
Loaded model: {
    "model_name": "minimax_h3_audio_vae",
    "model_class": "diffsynth.models.minimax_h3_audio_vae.MiniMaxH3AudioVAE",
    "extra_kwargs": null
}
Using minimax_h3_text_encoder from [
    "/home/lpeng/code/mq_PubDataset/GWM/H3-World/outputs/2026-10-08-13/stage1_parallel_resume68_to128/training_runtime/DiffSynth-Studio-h3-v2/models/MiniMax/MiniMax-H3/FL2VA/text_encoder/model-00006-of-00014.safetensors",
    "/home/lpeng/code/mq_PubDataset/GWM/H3-World/outputs/2026-10-08-13/stage1_parallel_resume68_to128/training_runtime/DiffSynth-Studio-h3-v2/models/MiniMax/MiniMax-H3/FL2VA/text_encoder/model-00007-of-00014.safetensors",
    "/home/lpeng/code/mq_PubDataset/GWM/H3-World/outputs/2026-10-08-13/stage1_parallel_resume68_to128/training_runtime/DiffSynth-Studio-h3-v2/models/MiniMax/MiniMax-H3/FL2VA/text_encoder/model-00003-of-00014.safetensors",
    "/home/lpeng/code/mq_PubDataset/GWM/H3-World/outputs/2026-10-08-13/stage1_parallel_resume68_to128/training_runtime/DiffSynth-Studio-h3-v2/models/MiniMax/MiniMax-H3/FL2VA/text_encoder/model-00004-of-00014.safetensors",
    "/home/lpeng/code/mq_PubDataset/GWM/H3-World/outputs/2026-10-08-13/stage1_parallel_resume68_to128/training_runtime/DiffSynth-Studio-h3-v2/models/MiniMax/MiniMax-H3/FL2VA/text_encoder/model-00011-of-00014.safetensors",
    "/home/lpeng/code/mq_PubDataset/GWM/H3-World/outputs/2026-10-08-13/stage1_parallel_resume68_to128/training_runtime/DiffSynth-Studio-h3-v2/models/MiniMax/MiniMax-H3/FL2VA/text_encoder/model-00010-of-00014.safetensors",
    "/home/lpeng/code/mq_PubDataset/GWM/H3-World/outputs/2026-10-08-13/stage1_parallel_resume68_to128/training_runtime/DiffSynth-Studio-h3-v2/models/MiniMax/MiniMax-H3/FL2VA/text_encoder/model-00013-of-00014.safetensors",
    "/home/lpeng/code/mq_PubDataset/GWM/H3-World/outputs/2026-10-08-13/stage1_parallel_resume68_to128/training_runtime/DiffSynth-Studio-h3-v2/models/MiniMax/MiniMax-H3/FL2VA/text_encoder/model-00005-of-00014.safetensors",
    "/home/lpeng/code/mq_PubDataset/GWM/H3-World/outputs/2026-10-08-13/stage1_parallel_resume68_to128/training_runtime/DiffSynth-Studio-h3-v2/models/MiniMax/MiniMax-H3/FL2VA/text_encoder/model-00012-of-00014.safetensors",
    "/home/lpeng/code/mq_PubDataset/GWM/H3-World/outputs/2026-10-08-13/stage1_parallel_resume68_to128/training_runtime/DiffSynth-Studio-h3-v2/models/MiniMax/MiniMax-H3/FL2VA/text_encoder/model-00008-of-00014.safetensors",
    "/home/lpeng/code/mq_PubDataset/GWM/H3-World/outputs/2026-10-08-13/stage1_parallel_resume68_to128/training_runtime/DiffSynth-Studio-h3-v2/models/MiniMax/MiniMax-H3/FL2VA/text_encoder/model-00002-of-00014.safetensors",
    "/home/lpeng/code/mq_PubDataset/GWM/H3-World/outputs/2026-10-08-13/stage1_parallel_resume68_to128/training_runtime/DiffSynth-Studio-h3-v2/models/MiniMax/MiniMax-H3/FL2VA/text_encoder/model-00009-of-00014.safetensors",
    "/home/lpeng/code/mq_PubDataset/GWM/H3-World/outputs/2026-10-08-13/stage1_parallel_resume68_to128/training_runtime/DiffSynth-Studio-h3-v2/models/MiniMax/MiniMax-H3/FL2VA/text_encoder/model-00001-of-00014.safetensors",
    "/home/lpeng/code/mq_PubDataset/GWM/H3-World/outputs/2026-10-08-13/stage1_parallel_resume68_to128/training_runtime/DiffSynth-Studio-h3-v2/models/MiniMax/MiniMax-H3/FL2VA/text_encoder/model-00014-of-00014.safetensors"
].
Using minimax_h3_dit from [
    "/home/lpeng/code/mq_PubDataset/GWM/H3-World/outputs/2026-10-08-13/stage1_parallel_resume68_to128/training_runtime/DiffSynth-Studio-h3-v2/models/MiniMax/MiniMax-H3/FL2VA/transformer/model-00013-of-00013.safetensors",
    "/home/lpeng/code/mq_PubDataset/GWM/H3-World/outputs/2026-10-08-13/stage1_parallel_resume68_to128/training_runtime/DiffSynth-Studio-h3-v2/models/MiniMax/MiniMax-H3/FL2VA/transformer/model-00011-of-00013.safetensors",
    "/home/lpeng/code/mq_PubDataset/GWM/H3-World/outputs/2026-10-08-13/stage1_parallel_resume68_to128/training_runtime/DiffSynth-Studio-h3-v2/models/MiniMax/MiniMax-H3/FL2VA/transformer/model-00012-of-00013.safetensors",
    "/home/lpeng/code/mq_PubDataset/GWM/H3-World/outputs/2026-10-08-13/stage1_parallel_resume68_to128/training_runtime/DiffSynth-Studio-h3-v2/models/MiniMax/MiniMax-H3/FL2VA/transformer/model-00008-of-00013.safetensors",
    "/home/lpeng/code/mq_PubDataset/GWM/H3-World/outputs/2026-10-08-13/stage1_parallel_resume68_to128/training_runtime/DiffSynth-Studio-h3-v2/models/MiniMax/MiniMax-H3/FL2VA/transformer/model-00002-of-00013.safetensors",
    "/home/lpeng/code/mq_PubDataset/GWM/H3-World/outputs/2026-10-08-13/stage1_parallel_resume68_to128/training_runtime/DiffSynth-Studio-h3-v2/models/MiniMax/MiniMax-H3/FL2VA/transformer/model-00009-of-00013.safetensors",
    "/home/lpeng/code/mq_PubDataset/GWM/H3-World/outputs/2026-10-08-13/stage1_parallel_resume68_to128/training_runtime/DiffSynth-Studio-h3-v2/models/MiniMax/MiniMax-H3/FL2VA/transformer/model-00006-of-00013.safetensors",
    "/home/lpeng/code/mq_PubDataset/GWM/H3-World/outputs/2026-10-08-13/stage1_parallel_resume68_to128/training_runtime/DiffSynth-Studio-h3-v2/models/MiniMax/MiniMax-H3/FL2VA/transformer/model-00007-of-00013.safetensors",
    "/home/lpeng/code/mq_PubDataset/GWM/H3-World/outputs/2026-10-08-13/stage1_parallel_resume68_to128/training_runtime/DiffSynth-Studio-h3-v2/models/MiniMax/MiniMax-H3/FL2VA/transformer/model-00003-of-00013.safetensors",
    "/home/lpeng/code/mq_PubDataset/GWM/H3-World/outputs/2026-10-08-13/stage1_parallel_resume68_to128/training_runtime/DiffSynth-Studio-h3-v2/models/MiniMax/MiniMax-H3/FL2VA/transformer/model-00001-of-00013.safetensors",
    "/home/lpeng/code/mq_PubDataset/GWM/H3-World/outputs/2026-10-08-13/stage1_parallel_resume68_to128/training_runtime/DiffSynth-Studio-h3-v2/models/MiniMax/MiniMax-H3/FL2VA/transformer/model-00010-of-00013.safetensors",
    "/home/lpeng/code/mq_PubDataset/GWM/H3-World/outputs/2026-10-08-13/stage1_parallel_resume68_to128/training_runtime/DiffSynth-Studio-h3-v2/models/MiniMax/MiniMax-H3/FL2VA/transformer/model-00005-of-00013.safetensors",
    "/home/lpeng/code/mq_PubDataset/GWM/H3-World/outputs/2026-10-08-13/stage1_parallel_resume68_to128/training_runtime/DiffSynth-Studio-h3-v2/models/MiniMax/MiniMax-H3/FL2VA/transformer/model-00004-of-00013.safetensors"
].
Using minimax_h3_video_vae from "/home/lpeng/code/mq_PubDataset/GWM/H3-World/outputs/2026-10-08-13/stage1_parallel_resume68_to128/training_runtime/DiffSynth-Studio-h3-v2/models/MiniMax/MiniMax-H3/FL2VA/video_vae/source/model.safetensors".
Using minimax_h3_audio_vae from "/home/lpeng/code/mq_PubDataset/GWM/H3-World/outputs/2026-10-08-13/stage1_parallel_resume68_to128/training_runtime/DiffSynth-Studio-h3-v2/models/MiniMax/MiniMax-H3/FL2VA/audio_vae/model.safetensors".
104 tensors are patched by LoRA. You can use `pipe.clear_lora()` to clear all LoRA layers.
{"chunk": 1, "sigma": 0.9395404663085938, "delta_cosines": {"original": 1.0, "causal_original": 0.085705, "causal_initializer": 0.054519, "causal_initializer_diagonal": 0.054519, "causal_fm32": 0.043286, "causal_anyflow32": 0.044276, "causal_anyflow32_finite": -0.066543, "causal_anyflow128": 0.05694, "causal_anyflow128_finite": -0.043656}}
{"chunk": 1, "sigma": 0.6894410400390625, "delta_cosines": {"original": 1.0, "causal_original": 0.064851, "causal_initializer": 0.050742, "causal_initializer_diagonal": 0.050742, "causal_fm32": 0.065851, "causal_anyflow32": 0.06087, "causal_anyflow32_finite": 0.041006, "causal_anyflow128": 0.032558, "causal_anyflow128_finite": 0.01402}}
{"chunk": 1, "sigma": 0.24078089904785155, "delta_cosines": {"original": 1.0, "causal_original": 0.02005, "causal_initializer": 0.040817, "causal_initializer_diagonal": 0.040817, "causal_fm32": 0.047233, "causal_anyflow32": 0.043187, "causal_anyflow32_finite": 0.029198, "causal_anyflow128": 0.045511, "causal_anyflow128_finite": 0.039685}}
{"chunk": 2, "sigma": 0.9395404663085938, "delta_cosines": {"original": 1.0, "causal_original": -0.087875, "causal_initializer": 0.133259, "causal_initializer_diagonal": 0.133259, "causal_fm32": 0.144178, "causal_anyflow32": 0.145463, "causal_anyflow32_finite": 0.165752, "causal_anyflow128": 0.196585, "causal_anyflow128_finite": 0.171565}}
{"chunk": 2, "sigma": 0.6894410400390625, "delta_cosines": {"original": 1.0, "causal_original": 0.016352, "causal_initializer": 0.126419, "causal_initializer_diagonal": 0.126419, "causal_fm32": 0.127454, "causal_anyflow32": 0.137025, "causal_anyflow32_finite": 0.152115, "causal_anyflow128": 0.123889, "causal_anyflow128_finite": 0.137876}}
{"chunk": 2, "sigma": 0.24078089904785155, "delta_cosines": {"original": 1.0, "causal_original": 0.012301, "causal_initializer": 0.000857, "causal_initializer_diagonal": 0.000857, "causal_fm32": 0.004777, "causal_anyflow32": -0.006915, "causal_anyflow32_finite": -0.00328, "causal_anyflow128": -0.004463, "causal_anyflow128_finite": 0.005476}}
