{
  "task": "EXP-014/v1",
  "stage": "T1",
  "scene": "s0_43866101",
  "method": "FM30",
  "cpu_protocol_audit": "PASS",
  "visual_assessment": "SEPARATE",
  "teacher_gpu_seconds": 532.2607037019916,
  "C1_sampling_forwards": 30,
  "C1_vae_decodes": 1,
  "cache_50_layers_index0": true,
  "row_sha256": "4c0f9d00cfcd20ff8f72318f58e37578bc31587e3378ca8092e3adb38b000729",
  "cache_sha256": "3eb3de61fd9979b990d723240325c9e3b8e135cc106fc85f398ac3cb792a5049",
  "cpu_raw_kv_bytes": 6799104000,
  "commit_forwards": 1,
  "sampling_forwards": 60,
  "vae_decodes": 2,
  "wall_seconds": 320.2144268060074,
  "peak_allocated_gib": 38.18120002746582,
  "AA_AD_new_rgb_abs_diff_mean": 28.307146072387695
}
